12:41:53 **** Incremental Build of configuration Debug for project demoex9 ****
make -j16 all 
arm-none-eabi-gcc "../Core/Src/main.c" -mcpu=cortex-m3 -std=gnu11 -g3 -DDEBUG -DUSE_HAL_DRIVER -DSTM32F103x6 -c -I../Core/Inc -I../Drivers/STM32F1xx_HAL_Driver/Inc -I../Drivers/STM32F1xx_HAL_Driver/Inc/Legacy -I../Drivers/CMSIS/Device/ST/STM32F1xx/Include -I../Drivers/CMSIS/Include -O0 -ffunction-sections -fdata-sections -Wall -fstack-usage -MMD -MP -MF"Core/Src/main.d" -MT"Core/Src/main.o" --specs=nano.specs -mfloat-abi=soft -mthumb -o "Core/Src/main.o"
arm-none-eabi-g++ -o "demoex9.elf" @"objects.list"   -mcpu=cortex-m3 -T"D:\STM32CubeIDE_1.7.0\LABs\LAB2\demoex9\STM32F103C6TX_FLASH.ld" --specs=nosys.specs -Wl,-Map="demoex9.map" -Wl,--gc-sections -static --specs=nano.specs -mfloat-abi=soft -mthumb -Wl,--start-group -lc -lm -lstdc++ -lsupc++ -Wl,--end-group
Finished building target: demoex9.elf
 
arm-none-eabi-size   demoex9.elf 
arm-none-eabi-objdump -h -S  demoex9.elf  > "demoex9.list"
arm-none-eabi-objcopy  -O ihex  demoex9.elf  "demoex9.hex"
arm-none-eabi-objcopy  -O binary  demoex9.elf  "demoex9.bin"
   text	   data	    bss	    dec	    hex	filename
   9564	     44	   1708	  11316	   2c34	demoex9.elf
Finished building: default.size.stdout
 
Finished building: demoex9.hex
Finished building: demoex9.bin
 
Finished building: demoex9.list
 
 

12:41:54 Build Finished. 0 errors, 0 warnings. (took 1s.8ms)

