17:28:18 **** Build of configuration Debug for project LAB2_Exercise ****
make -j16 all 
arm-none-eabi-gcc "../Drivers/STM32F1xx_HAL_Driver/Src/stm32f1xx_hal.c" -mcpu=cortex-m3 -std=gnu11 -g3 -DDEBUG -DUSE_HAL_DRIVER -DSTM32F103x6 -c -I../Core/Inc -I../Drivers/STM32F1xx_HAL_Driver/Inc -I../Drivers/STM32F1xx_HAL_Driver/Inc/Legacy -I../Drivers/CMSIS/Device/ST/STM32F1xx/Include -I../Drivers/CMSIS/Include -O0 -ffunction-sections -fdata-sections -Wall -fstack-usage -MMD -MP -MF"Drivers/STM32F1xx_HAL_Driver/Src/stm32f1xx_hal.d" -MT"Drivers/STM32F1xx_HAL_Driver/Src/stm32f1xx_hal.o" --specs=nano.specs -mfloat-abi=soft -mthumb -o "Drivers/STM32F1xx_HAL_Driver/Src/stm32f1xx_hal.o"
arm-none-eabi-gcc "../Drivers/STM32F1xx_HAL_Driver/Src/stm32f1xx_hal_cortex.c" -mcpu=cortex-m3 -std=gnu11 -g3 -DDEBUG -DUSE_HAL_DRIVER -DSTM32F103x6 -c -I../Core/Inc -I../Drivers/STM32F1xx_HAL_Driver/Inc -I../Drivers/STM32F1xx_HAL_Driver/Inc/Legacy -I../Drivers/CMSIS/Device/ST/STM32F1xx/Include -I../Drivers/CMSIS/Include -O0 -ffunction-sections -fdata-sections -Wall -fstack-usage -MMD -MP -MF"Drivers/STM32F1xx_HAL_Driver/Src/stm32f1xx_hal_cortex.d" -MT"Drivers/STM32F1xx_HAL_Driver/Src/stm32f1xx_hal_cortex.o" --specs=nano.specs -mfloat-abi=soft -mthumb -o "Drivers/STM32F1xx_HAL_Driver/Src/stm32f1xx_hal_cortex.o"
arm-none-eabi-gcc "../Drivers/STM32F1xx_HAL_Driver/Src/stm32f1xx_hal_dma.c" -mcpu=cortex-m3 -std=gnu11 -g3 -DDEBUG -DUSE_HAL_DRIVER -DSTM32F103x6 -c -I../Core/Inc -I../Drivers/STM32F1xx_HAL_Driver/Inc -I../Drivers/STM32F1xx_HAL_Driver/Inc/Legacy -I../Drivers/CMSIS/Device/ST/STM32F1xx/Include -I../Drivers/CMSIS/Include -O0 -ffunction-sections -fdata-sections -Wall -fstack-usage -MMD -MP -MF"Drivers/STM32F1xx_HAL_Driver/Src/stm32f1xx_hal_dma.d" -MT"Drivers/STM32F1xx_HAL_Driver/Src/stm32f1xx_hal_dma.o" --specs=nano.specs -mfloat-abi=soft -mthumb -o "Drivers/STM32F1xx_HAL_Driver/Src/stm32f1xx_hal_dma.o"
arm-none-eabi-gcc "../Drivers/STM32F1xx_HAL_Driver/Src/stm32f1xx_hal_exti.c" -mcpu=cortex-m3 -std=gnu11 -g3 -DDEBUG -DUSE_HAL_DRIVER -DSTM32F103x6 -c -I../Core/Inc -I../Drivers/STM32F1xx_HAL_Driver/Inc -I../Drivers/STM32F1xx_HAL_Driver/Inc/Legacy -I../Drivers/CMSIS/Device/ST/STM32F1xx/Include -I../Drivers/CMSIS/Include -O0 -ffunction-sections -fdata-sections -Wall -fstack-usage -MMD -MP -MF"Drivers/STM32F1xx_HAL_Driver/Src/stm32f1xx_hal_exti.d" -MT"Drivers/STM32F1xx_HAL_Driver/Src/stm32f1xx_hal_exti.o" --specs=nano.specs -mfloat-abi=soft -mthumb -o "Drivers/STM32F1xx_HAL_Driver/Src/stm32f1xx_hal_exti.o"
arm-none-eabi-gcc "../Drivers/STM32F1xx_HAL_Driver/Src/stm32f1xx_hal_flash.c" -mcpu=cortex-m3 -std=gnu11 -g3 -DDEBUG -DUSE_HAL_DRIVER -DSTM32F103x6 -c -I../Core/Inc -I../Drivers/STM32F1xx_HAL_Driver/Inc -I../Drivers/STM32F1xx_HAL_Driver/Inc/Legacy -I../Drivers/CMSIS/Device/ST/STM32F1xx/Include -I../Drivers/CMSIS/Include -O0 -ffunction-sections -fdata-sections -Wall -fstack-usage -MMD -MP -MF"Drivers/STM32F1xx_HAL_Driver/Src/stm32f1xx_hal_flash.d" -MT"Drivers/STM32F1xx_HAL_Driver/Src/stm32f1xx_hal_flash.o" --specs=nano.specs -mfloat-abi=soft -mthumb -o "Drivers/STM32F1xx_HAL_Driver/Src/stm32f1xx_hal_flash.o"
arm-none-eabi-gcc "../Drivers/STM32F1xx_HAL_Driver/Src/stm32f1xx_hal_flash_ex.c" -mcpu=cortex-m3 -std=gnu11 -g3 -DDEBUG -DUSE_HAL_DRIVER -DSTM32F103x6 -c -I../Core/Inc -I../Drivers/STM32F1xx_HAL_Driver/Inc -I../Drivers/STM32F1xx_HAL_Driver/Inc/Legacy -I../Drivers/CMSIS/Device/ST/STM32F1xx/Include -I../Drivers/CMSIS/Include -O0 -ffunction-sections -fdata-sections -Wall -fstack-usage -MMD -MP -MF"Drivers/STM32F1xx_HAL_Driver/Src/stm32f1xx_hal_flash_ex.d" -MT"Drivers/STM32F1xx_HAL_Driver/Src/stm32f1xx_hal_flash_ex.o" --specs=nano.specs -mfloat-abi=soft -mthumb -o "Drivers/STM32F1xx_HAL_Driver/Src/stm32f1xx_hal_flash_ex.o"
arm-none-eabi-gcc "../Drivers/STM32F1xx_HAL_Driver/Src/stm32f1xx_hal_gpio.c" -mcpu=cortex-m3 -std=gnu11 -g3 -DDEBUG -DUSE_HAL_DRIVER -DSTM32F103x6 -c -I../Core/Inc -I../Drivers/STM32F1xx_HAL_Driver/Inc -I../Drivers/STM32F1xx_HAL_Driver/Inc/Legacy -I../Drivers/CMSIS/Device/ST/STM32F1xx/Include -I../Drivers/CMSIS/Include -O0 -ffunction-sections -fdata-sections -Wall -fstack-usage -MMD -MP -MF"Drivers/STM32F1xx_HAL_Driver/Src/stm32f1xx_hal_gpio.d" -MT"Drivers/STM32F1xx_HAL_Driver/Src/stm32f1xx_hal_gpio.o" --specs=nano.specs -mfloat-abi=soft -mthumb -o "Drivers/STM32F1xx_HAL_Driver/Src/stm32f1xx_hal_gpio.o"
arm-none-eabi-gcc "../Drivers/STM32F1xx_HAL_Driver/Src/stm32f1xx_hal_gpio_ex.c" -mcpu=cortex-m3 -std=gnu11 -g3 -DDEBUG -DUSE_HAL_DRIVER -DSTM32F103x6 -c -I../Core/Inc -I../Drivers/STM32F1xx_HAL_Driver/Inc -I../Drivers/STM32F1xx_HAL_Driver/Inc/Legacy -I../Drivers/CMSIS/Device/ST/STM32F1xx/Include -I../Drivers/CMSIS/Include -O0 -ffunction-sections -fdata-sections -Wall -fstack-usage -MMD -MP -MF"Drivers/STM32F1xx_HAL_Driver/Src/stm32f1xx_hal_gpio_ex.d" -MT"Drivers/STM32F1xx_HAL_Driver/Src/stm32f1xx_hal_gpio_ex.o" --specs=nano.specs -mfloat-abi=soft -mthumb -o "Drivers/STM32F1xx_HAL_Driver/Src/stm32f1xx_hal_gpio_ex.o"
arm-none-eabi-gcc "../Drivers/STM32F1xx_HAL_Driver/Src/stm32f1xx_hal_pwr.c" -mcpu=cortex-m3 -std=gnu11 -g3 -DDEBUG -DUSE_HAL_DRIVER -DSTM32F103x6 -c -I../Core/Inc -I../Drivers/STM32F1xx_HAL_Driver/Inc -I../Drivers/STM32F1xx_HAL_Driver/Inc/Legacy -I../Drivers/CMSIS/Device/ST/STM32F1xx/Include -I../Drivers/CMSIS/Include -O0 -ffunction-sections -fdata-sections -Wall -fstack-usage -MMD -MP -MF"Drivers/STM32F1xx_HAL_Driver/Src/stm32f1xx_hal_pwr.d" -MT"Drivers/STM32F1xx_HAL_Driver/Src/stm32f1xx_hal_pwr.o" --specs=nano.specs -mfloat-abi=soft -mthumb -o "Drivers/STM32F1xx_HAL_Driver/Src/stm32f1xx_hal_pwr.o"
arm-none-eabi-gcc "../Drivers/STM32F1xx_HAL_Driver/Src/stm32f1xx_hal_rcc.c" -mcpu=cortex-m3 -std=gnu11 -g3 -DDEBUG -DUSE_HAL_DRIVER -DSTM32F103x6 -c -I../Core/Inc -I../Drivers/STM32F1xx_HAL_Driver/Inc -I../Drivers/STM32F1xx_HAL_Driver/Inc/Legacy -I../Drivers/CMSIS/Device/ST/STM32F1xx/Include -I../Drivers/CMSIS/Include -O0 -ffunction-sections -fdata-sections -Wall -fstack-usage -MMD -MP -MF"Drivers/STM32F1xx_HAL_Driver/Src/stm32f1xx_hal_rcc.d" -MT"Drivers/STM32F1xx_HAL_Driver/Src/stm32f1xx_hal_rcc.o" --specs=nano.specs -mfloat-abi=soft -mthumb -o "Drivers/STM32F1xx_HAL_Driver/Src/stm32f1xx_hal_rcc.o"
arm-none-eabi-gcc "../Drivers/STM32F1xx_HAL_Driver/Src/stm32f1xx_hal_rcc_ex.c" -mcpu=cortex-m3 -std=gnu11 -g3 -DDEBUG -DUSE_HAL_DRIVER -DSTM32F103x6 -c -I../Core/Inc -I../Drivers/STM32F1xx_HAL_Driver/Inc -I../Drivers/STM32F1xx_HAL_Driver/Inc/Legacy -I../Drivers/CMSIS/Device/ST/STM32F1xx/Include -I../Drivers/CMSIS/Include -O0 -ffunction-sections -fdata-sections -Wall -fstack-usage -MMD -MP -MF"Drivers/STM32F1xx_HAL_Driver/Src/stm32f1xx_hal_rcc_ex.d" -MT"Drivers/STM32F1xx_HAL_Driver/Src/stm32f1xx_hal_rcc_ex.o" --specs=nano.specs -mfloat-abi=soft -mthumb -o "Drivers/STM32F1xx_HAL_Driver/Src/stm32f1xx_hal_rcc_ex.o"
arm-none-eabi-gcc "../Drivers/STM32F1xx_HAL_Driver/Src/stm32f1xx_hal_tim.c" -mcpu=cortex-m3 -std=gnu11 -g3 -DDEBUG -DUSE_HAL_DRIVER -DSTM32F103x6 -c -I../Core/Inc -I../Drivers/STM32F1xx_HAL_Driver/Inc -I../Drivers/STM32F1xx_HAL_Driver/Inc/Legacy -I../Drivers/CMSIS/Device/ST/STM32F1xx/Include -I../Drivers/CMSIS/Include -O0 -ffunction-sections -fdata-sections -Wall -fstack-usage -MMD -MP -MF"Drivers/STM32F1xx_HAL_Driver/Src/stm32f1xx_hal_tim.d" -MT"Drivers/STM32F1xx_HAL_Driver/Src/stm32f1xx_hal_tim.o" --specs=nano.specs -mfloat-abi=soft -mthumb -o "Drivers/STM32F1xx_HAL_Driver/Src/stm32f1xx_hal_tim.o"
arm-none-eabi-gcc "../Drivers/STM32F1xx_HAL_Driver/Src/stm32f1xx_hal_tim_ex.c" -mcpu=cortex-m3 -std=gnu11 -g3 -DDEBUG -DUSE_HAL_DRIVER -DSTM32F103x6 -c -I../Core/Inc -I../Drivers/STM32F1xx_HAL_Driver/Inc -I../Drivers/STM32F1xx_HAL_Driver/Inc/Legacy -I../Drivers/CMSIS/Device/ST/STM32F1xx/Include -I../Drivers/CMSIS/Include -O0 -ffunction-sections -fdata-sections -Wall -fstack-usage -MMD -MP -MF"Drivers/STM32F1xx_HAL_Driver/Src/stm32f1xx_hal_tim_ex.d" -MT"Drivers/STM32F1xx_HAL_Driver/Src/stm32f1xx_hal_tim_ex.o" --specs=nano.specs -mfloat-abi=soft -mthumb -o "Drivers/STM32F1xx_HAL_Driver/Src/stm32f1xx_hal_tim_ex.o"
arm-none-eabi-gcc -mcpu=cortex-m3 -g3 -DDEBUG -c -x assembler-with-cpp -MMD -MP -MF"Core/Startup/startup_stm32f103c6tx.d" -MT"Core/Startup/startup_stm32f103c6tx.o" --specs=nano.specs -mfloat-abi=soft -mthumb -o "Core/Startup/startup_stm32f103c6tx.o" "../Core/Startup/startup_stm32f103c6tx.s"
arm-none-eabi-gcc "../Core/Src/main.c" -mcpu=cortex-m3 -std=gnu11 -g3 -DDEBUG -DUSE_HAL_DRIVER -DSTM32F103x6 -c -I../Core/Inc -I../Drivers/STM32F1xx_HAL_Driver/Inc -I../Drivers/STM32F1xx_HAL_Driver/Inc/Legacy -I../Drivers/CMSIS/Device/ST/STM32F1xx/Include -I../Drivers/CMSIS/Include -O0 -ffunction-sections -fdata-sections -Wall -fstack-usage -MMD -MP -MF"Core/Src/main.d" -MT"Core/Src/main.o" --specs=nano.specs -mfloat-abi=soft -mthumb -o "Core/Src/main.o"
arm-none-eabi-gcc "../Core/Src/stm32f1xx_hal_msp.c" -mcpu=cortex-m3 -std=gnu11 -g3 -DDEBUG -DUSE_HAL_DRIVER -DSTM32F103x6 -c -I../Core/Inc -I../Drivers/STM32F1xx_HAL_Driver/Inc -I../Drivers/STM32F1xx_HAL_Driver/Inc/Legacy -I../Drivers/CMSIS/Device/ST/STM32F1xx/Include -I../Drivers/CMSIS/Include -O0 -ffunction-sections -fdata-sections -Wall -fstack-usage -MMD -MP -MF"Core/Src/stm32f1xx_hal_msp.d" -MT"Core/Src/stm32f1xx_hal_msp.o" --specs=nano.specs -mfloat-abi=soft -mthumb -o "Core/Src/stm32f1xx_hal_msp.o"
arm-none-eabi-gcc "../Core/Src/stm32f1xx_it.c" -mcpu=cortex-m3 -std=gnu11 -g3 -DDEBUG -DUSE_HAL_DRIVER -DSTM32F103x6 -c -I../Core/Inc -I../Drivers/STM32F1xx_HAL_Driver/Inc -I../Drivers/STM32F1xx_HAL_Driver/Inc/Legacy -I../Drivers/CMSIS/Device/ST/STM32F1xx/Include -I../Drivers/CMSIS/Include -O0 -ffunction-sections -fdata-sections -Wall -fstack-usage -MMD -MP -MF"Core/Src/stm32f1xx_it.d" -MT"Core/Src/stm32f1xx_it.o" --specs=nano.specs -mfloat-abi=soft -mthumb -o "Core/Src/stm32f1xx_it.o"
arm-none-eabi-gcc "../Core/Src/syscalls.c" -mcpu=cortex-m3 -std=gnu11 -g3 -DDEBUG -DUSE_HAL_DRIVER -DSTM32F103x6 -c -I../Core/Inc -I../Drivers/STM32F1xx_HAL_Driver/Inc -I../Drivers/STM32F1xx_HAL_Driver/Inc/Legacy -I../Drivers/CMSIS/Device/ST/STM32F1xx/Include -I../Drivers/CMSIS/Include -O0 -ffunction-sections -fdata-sections -Wall -fstack-usage -MMD -MP -MF"Core/Src/syscalls.d" -MT"Core/Src/syscalls.o" --specs=nano.specs -mfloat-abi=soft -mthumb -o "Core/Src/syscalls.o"
arm-none-eabi-gcc "../Core/Src/sysmem.c" -mcpu=cortex-m3 -std=gnu11 -g3 -DDEBUG -DUSE_HAL_DRIVER -DSTM32F103x6 -c -I../Core/Inc -I../Drivers/STM32F1xx_HAL_Driver/Inc -I../Drivers/STM32F1xx_HAL_Driver/Inc/Legacy -I../Drivers/CMSIS/Device/ST/STM32F1xx/Include -I../Drivers/CMSIS/Include -O0 -ffunction-sections -fdata-sections -Wall -fstack-usage -MMD -MP -MF"Core/Src/sysmem.d" -MT"Core/Src/sysmem.o" --specs=nano.specs -mfloat-abi=soft -mthumb -o "Core/Src/sysmem.o"
arm-none-eabi-gcc "../Core/Src/system_stm32f1xx.c" -mcpu=cortex-m3 -std=gnu11 -g3 -DDEBUG -DUSE_HAL_DRIVER -DSTM32F103x6 -c -I../Core/Inc -I../Drivers/STM32F1xx_HAL_Driver/Inc -I../Drivers/STM32F1xx_HAL_Driver/Inc/Legacy -I../Drivers/CMSIS/Device/ST/STM32F1xx/Include -I../Drivers/CMSIS/Include -O0 -ffunction-sections -fdata-sections -Wall -fstack-usage -MMD -MP -MF"Core/Src/system_stm32f1xx.d" -MT"Core/Src/system_stm32f1xx.o" --specs=nano.specs -mfloat-abi=soft -mthumb -o "Core/Src/system_stm32f1xx.o"
arm-none-eabi-g++ -o "LAB2_Exercise.elf" @"objects.list"   -mcpu=cortex-m3 -T"D:\STM32CubeIDE_1.7.0\LAB2\lab2_exercise\LAB2_Exercise\STM32F103C6TX_FLASH.ld" --specs=nosys.specs -Wl,-Map="LAB2_Exercise.map" -Wl,--gc-sections -static --specs=nano.specs -mfloat-abi=soft -mthumb -Wl,--start-group -lc -lm -lstdc++ -lsupc++ -Wl,--end-group
Finished building target: LAB2_Exercise.elf
 
arm-none-eabi-size   LAB2_Exercise.elf 
arm-none-eabi-objdump -h -S  LAB2_Exercise.elf  > "LAB2_Exercise.list"
arm-none-eabi-objcopy  -O ihex  LAB2_Exercise.elf  "LAB2_Exercise.hex"
arm-none-eabi-objcopy  -O binary  LAB2_Exercise.elf  "LAB2_Exercise.bin"
   text	   data	    bss	    dec	    hex	filename
   6612	     20	   1644	   8276	   2054	LAB2_Exercise.elf
Finished building: default.size.stdout
 
Finished building: LAB2_Exercise.hex
Finished building: LAB2_Exercise.bin
 
Finished building: LAB2_Exercise.list
 
 
17:29:55 **** Incremental Build of configuration Debug for project LAB2_Exercise ****
make -j16 all 
arm-none-eabi-gcc "../Core/Src/main.c" -mcpu=cortex-m3 -std=gnu11 -g3 -DDEBUG -DUSE_HAL_DRIVER -DSTM32F103x6 -c -I../Core/Inc -I../Drivers/STM32F1xx_HAL_Driver/Inc -I../Drivers/STM32F1xx_HAL_Driver/Inc/Legacy -I../Drivers/CMSIS/Device/ST/STM32F1xx/Include -I../Drivers/CMSIS/Include -O0 -ffunction-sections -fdata-sections -Wall -fstack-usage -MMD -MP -MF"Core/Src/main.d" -MT"Core/Src/main.o" --specs=nano.specs -mfloat-abi=soft -mthumb -o "Core/Src/main.o"
../Core/Src/main.c: In function 'updateClockBuffer':
../Core/Src/main.c:90:2: error: 'digit1' undeclared (first use in this function)
   90 |  digit1 = a/10;
      |  ^~~~~~
../Core/Src/main.c:90:2: note: each undeclared identifier is reported only once for each function it appears in
../Core/Src/main.c:91:2: error: 'digit2' undeclared (first use in this function)
   91 |  digit2 = a%10;
      |  ^~~~~~
../Core/Src/main.c:92:2: error: 'digit3' undeclared (first use in this function)
   92 |  digit3 = b/10;
      |  ^~~~~~
../Core/Src/main.c:93:2: error: 'digit4' undeclared (first use in this function)
   93 |  digit4 = b%10;
      |  ^~~~~~
../Core/Src/main.c:94:2: error: 'led_buffer' undeclared (first use in this function)
   94 |  led_buffer[0] = digit1;
      |  ^~~~~~~~~~
../Core/Src/main.c: In function 'SCAN':
../Core/Src/main.c:102:10: error: 'led_buffer' undeclared (first use in this function)
  102 |  switch (led_buffer[n]){
      |          ^~~~~~~~~~
../Core/Src/main.c: In function 'main':
../Core/Src/main.c:251:7: error: 'timer0_flag' undeclared (first use in this function); did you mean 'timer2_flag'?
  251 |    if(timer0_flag == 1){
      |       ^~~~~~~~~~~
      |       timer2_flag
../Core/Src/main.c:252:9: error: 'second' undeclared (first use in this function)
  252 |         second ++;
      |         ^~~~~~
../Core/Src/main.c:253:27: error: 'hour' undeclared (first use in this function)
  253 |         updateClockBuffer(hour, minute);
      |                           ^~~~
../Core/Src/main.c:253:33: error: 'minute' undeclared (first use in this function)
  253 |         updateClockBuffer(hour, minute);
      |                                 ^~~~~~
../Core/Src/main.c:254:9: warning: implicit declaration of function 'setTimer0'; did you mean 'setTimer2'? [-Wimplicit-function-declaration]
  254 |         setTimer0(100);
      |         ^~~~~~~~~
      |         setTimer2
../Core/Src/main.c:305:13: error: invalid storage class for function 'MX_TIM2_Init'
  305 | static void MX_TIM2_Init(void)
      |             ^~~~~~~~~~~~
../Core/Src/main.c:350:13: error: invalid storage class for function 'MX_GPIO_Init'
  350 | static void MX_GPIO_Init(void)
      |             ^~~~~~~~~~~~
../Core/Src/main.c:403:1: error: expected declaration or statement at end of input
  403 | }
      | ^
../Core/Src/main.c:403:1: error: expected declaration or statement at end of input
../Core/Src/main.c: At top level:
../Core/Src/main.c:51:13: warning: 'MX_GPIO_Init' used but never defined
   51 | static void MX_GPIO_Init(void);
      |             ^~~~~~~~~~~~
../Core/Src/main.c:52:13: warning: 'MX_TIM2_Init' used but never defined
   52 | static void MX_TIM2_Init(void);
      |             ^~~~~~~~~~~~
../Core/Src/main.c:394:6: warning: 'Error_Handler' defined but not used [-Wunused-function]
  394 | void Error_Handler(void)
      |      ^~~~~~~~~~~~~
../Core/Src/main.c:350:13: warning: 'MX_GPIO_Init' defined but not used [-Wunused-function]
  350 | static void MX_GPIO_Init(void)
      |             ^~~~~~~~~~~~
../Core/Src/main.c:305:13: warning: 'MX_TIM2_Init' defined but not used [-Wunused-function]
  305 | static void MX_TIM2_Init(void)
      |             ^~~~~~~~~~~~
../Core/Src/main.c:269:6: warning: 'SystemClock_Config' defined but not used [-Wunused-function]
  269 | void SystemClock_Config(void)
      |      ^~~~~~~~~~~~~~~~~~
make: *** [Core/Src/subdir.mk:34: Core/Src/main.o] Error 1
"make -j16 all" terminated with exit code 2. Build might be incomplete.
17:30:21 **** Incremental Build of configuration Debug for project LAB2_Exercise ****
make -j16 all 
arm-none-eabi-gcc "../Core/Src/main.c" -mcpu=cortex-m3 -std=gnu11 -g3 -DDEBUG -DUSE_HAL_DRIVER -DSTM32F103x6 -c -I../Core/Inc -I../Drivers/STM32F1xx_HAL_Driver/Inc -I../Drivers/STM32F1xx_HAL_Driver/Inc/Legacy -I../Drivers/CMSIS/Device/ST/STM32F1xx/Include -I../Drivers/CMSIS/Include -O0 -ffunction-sections -fdata-sections -Wall -fstack-usage -MMD -MP -MF"Core/Src/main.d" -MT"Core/Src/main.o" --specs=nano.specs -mfloat-abi=soft -mthumb -o "Core/Src/main.o"
../Core/Src/main.c: In function 'updateClockBuffer':
../Core/Src/main.c:124:2: error: 'digit1' undeclared (first use in this function)
  124 |  digit1 = a/10;
      |  ^~~~~~
../Core/Src/main.c:124:2: note: each undeclared identifier is reported only once for each function it appears in
../Core/Src/main.c:125:2: error: 'digit2' undeclared (first use in this function)
  125 |  digit2 = a%10;
      |  ^~~~~~
../Core/Src/main.c:126:2: error: 'digit3' undeclared (first use in this function)
  126 |  digit3 = b/10;
      |  ^~~~~~
../Core/Src/main.c:127:2: error: 'digit4' undeclared (first use in this function)
  127 |  digit4 = b%10;
      |  ^~~~~~
../Core/Src/main.c:128:2: error: 'led_buffer' undeclared (first use in this function)
  128 |  led_buffer[0] = digit1;
      |  ^~~~~~~~~~
../Core/Src/main.c: In function 'SCAN':
../Core/Src/main.c:136:10: error: 'led_buffer' undeclared (first use in this function)
  136 |  switch (led_buffer[n]){
      |          ^~~~~~~~~~
make: *** [Core/Src/subdir.mk:34: Core/Src/main.o] Error 1
"make -j16 all" terminated with exit code 2. Build might be incomplete.
17:30:37 **** Incremental Build of configuration Debug for project LAB2_Exercise ****
make -j16 all 
arm-none-eabi-gcc "../Core/Src/main.c" -mcpu=cortex-m3 -std=gnu11 -g3 -DDEBUG -DUSE_HAL_DRIVER -DSTM32F103x6 -c -I../Core/Inc -I../Drivers/STM32F1xx_HAL_Driver/Inc -I../Drivers/STM32F1xx_HAL_Driver/Inc/Legacy -I../Drivers/CMSIS/Device/ST/STM32F1xx/Include -I../Drivers/CMSIS/Include -O0 -ffunction-sections -fdata-sections -Wall -fstack-usage -MMD -MP -MF"Core/Src/main.d" -MT"Core/Src/main.o" --specs=nano.specs -mfloat-abi=soft -mthumb -o "Core/Src/main.o"
arm-none-eabi-g++ -o "LAB2_Exercise.elf" @"objects.list"   -mcpu=cortex-m3 -T"D:\STM32CubeIDE_1.7.0\LAB2\lab2_exercise\LAB2_Exercise\STM32F103C6TX_FLASH.ld" --specs=nosys.specs -Wl,-Map="LAB2_Exercise.map" -Wl,--gc-sections -static --specs=nano.specs -mfloat-abi=soft -mthumb -Wl,--start-group -lc -lm -lstdc++ -lsupc++ -Wl,--end-group
Finished building target: LAB2_Exercise.elf
 
arm-none-eabi-size   LAB2_Exercise.elf 
arm-none-eabi-objdump -h -S  LAB2_Exercise.elf  > "LAB2_Exercise.list"
arm-none-eabi-objcopy  -O ihex  LAB2_Exercise.elf  "LAB2_Exercise.hex"
arm-none-eabi-objcopy  -O binary  LAB2_Exercise.elf  "LAB2_Exercise.bin"
   text	   data	    bss	    dec	    hex	filename
   6828	     20	   1700	   8548	   2164	LAB2_Exercise.elf
Finished building: default.size.stdout
 
Finished building: LAB2_Exercise.hex
Finished building: LAB2_Exercise.bin
Finished building: LAB2_Exercise.list
 
 
 
17:31:06 **** Incremental Build of configuration Debug for project LAB2_Exercise ****
make -j16 all 
arm-none-eabi-gcc "../Core/Src/main.c" -mcpu=cortex-m3 -std=gnu11 -g3 -DDEBUG -DUSE_HAL_DRIVER -DSTM32F103x6 -c -I../Core/Inc -I../Drivers/STM32F1xx_HAL_Driver/Inc -I../Drivers/STM32F1xx_HAL_Driver/Inc/Legacy -I../Drivers/CMSIS/Device/ST/STM32F1xx/Include -I../Drivers/CMSIS/Include -O0 -ffunction-sections -fdata-sections -Wall -fstack-usage -MMD -MP -MF"Core/Src/main.d" -MT"Core/Src/main.o" --specs=nano.specs -mfloat-abi=soft -mthumb -o "Core/Src/main.o"
../Core/Src/main.c: In function 'main':
../Core/Src/main.c:290:9: error: 'second' undeclared (first use in this function)
  290 |         second ++;
      |         ^~~~~~
../Core/Src/main.c:290:9: note: each undeclared identifier is reported only once for each function it appears in
../Core/Src/main.c:291:27: error: 'hour' undeclared (first use in this function)
  291 |         updateClockBuffer(hour, minute);
      |                           ^~~~
../Core/Src/main.c:291:33: error: 'minute' undeclared (first use in this function)
  291 |         updateClockBuffer(hour, minute);
      |                                 ^~~~~~
../Core/Src/main.c:307:19: error: 'index_led' undeclared (first use in this function)
  307 |        update7SEG(index_led);
      |                   ^~~~~~~~~
make: *** [Core/Src/subdir.mk:34: Core/Src/main.o] Error 1
"make -j16 all" terminated with exit code 2. Build might be incomplete.
17:31:20 **** Incremental Build of configuration Debug for project LAB2_Exercise ****
make -j16 all 
arm-none-eabi-gcc "../Core/Src/main.c" -mcpu=cortex-m3 -std=gnu11 -g3 -DDEBUG -DUSE_HAL_DRIVER -DSTM32F103x6 -c -I../Core/Inc -I../Drivers/STM32F1xx_HAL_Driver/Inc -I../Drivers/STM32F1xx_HAL_Driver/Inc/Legacy -I../Drivers/CMSIS/Device/ST/STM32F1xx/Include -I../Drivers/CMSIS/Include -O0 -ffunction-sections -fdata-sections -Wall -fstack-usage -MMD -MP -MF"Core/Src/main.d" -MT"Core/Src/main.o" --specs=nano.specs -mfloat-abi=soft -mthumb -o "Core/Src/main.o"
arm-none-eabi-g++ -o "LAB2_Exercise.elf" @"objects.list"   -mcpu=cortex-m3 -T"D:\STM32CubeIDE_1.7.0\LAB2\lab2_exercise\LAB2_Exercise\STM32F103C6TX_FLASH.ld" --specs=nosys.specs -Wl,-Map="LAB2_Exercise.map" -Wl,--gc-sections -static --specs=nano.specs -mfloat-abi=soft -mthumb -Wl,--start-group -lc -lm -lstdc++ -lsupc++ -Wl,--end-group
Finished building target: LAB2_Exercise.elf
 
arm-none-eabi-size   LAB2_Exercise.elf 
arm-none-eabi-objdump -h -S  LAB2_Exercise.elf  > "LAB2_Exercise.list"
arm-none-eabi-objcopy  -O ihex  LAB2_Exercise.elf  "LAB2_Exercise.hex"
arm-none-eabi-objcopy  -O binary  LAB2_Exercise.elf  "LAB2_Exercise.bin"
   text	   data	    bss	    dec	    hex	filename
   8420	     28	   1708	  10156	   27ac	LAB2_Exercise.elf
Finished building: default.size.stdout
 
Finished building: LAB2_Exercise.hex
Finished building: LAB2_Exercise.bin
 
Finished building: LAB2_Exercise.list
 
 
17:31:23 **** Incremental Build of configuration Debug for project LAB2_Exercise ****
make -j16 all 
arm-none-eabi-size   LAB2_Exercise.elf 
   text	   data	    bss	    dec	    hex	filename
   8420	     28	   1708	  10156	   27ac	LAB2_Exercise.elf
Finished building: default.size.stdout
 
17:42:31 **** Clean-only build of configuration Debug for project demoex9 ****
make -j16 clean 
rm -rf  demoex9.list  ./Core/Startup/startup_stm32f103c6tx.d  ./Drivers/STM32F1xx_HAL_Driver/Src/stm32f1xx_hal.d ./Drivers/STM32F1xx_HAL_Driver/Src/stm32f1xx_hal_cortex.d ./Drivers/STM32F1xx_HAL_Driver/Src/stm32f1xx_hal_dma.d ./Drivers/STM32F1xx_HAL_Driver/Src/stm32f1xx_hal_exti.d ./Drivers/STM32F1xx_HAL_Driver/Src/stm32f1xx_hal_flash.d ./Drivers/STM32F1xx_HAL_Driver/Src/stm32f1xx_hal_flash_ex.d ./Drivers/STM32F1xx_HAL_Driver/Src/stm32f1xx_hal_gpio.d ./Drivers/STM32F1xx_HAL_Driver/Src/stm32f1xx_hal_gpio_ex.d ./Drivers/STM32F1xx_HAL_Driver/Src/stm32f1xx_hal_pwr.d ./Drivers/STM32F1xx_HAL_Driver/Src/stm32f1xx_hal_rcc.d ./Drivers/STM32F1xx_HAL_Driver/Src/stm32f1xx_hal_rcc_ex.d ./Drivers/STM32F1xx_HAL_Driver/Src/stm32f1xx_hal_tim.d ./Drivers/STM32F1xx_HAL_Driver/Src/stm32f1xx_hal_tim_ex.d  ./Core/Src/main.d ./Core/Src/stm32f1xx_hal_msp.d ./Core/Src/stm32f1xx_it.d ./Core/Src/syscalls.d ./Core/Src/sysmem.d ./Core/Src/system_stm32f1xx.d  demoex9.bin  demoex9.hex  default.size.stdout  demoex9.elf  ./Drivers/STM32F1xx_HAL_Driver/Src/stm32f1xx_hal.o ./Drivers/STM32F1xx_HAL_Driver/Src/stm32f1xx_hal_cortex.o ./Drivers/STM32F1xx_HAL_Driver/Src/stm32f1xx_hal_dma.o ./Drivers/STM32F1xx_HAL_Driver/Src/stm32f1xx_hal_exti.o ./Drivers/STM32F1xx_HAL_Driver/Src/stm32f1xx_hal_flash.o ./Drivers/STM32F1xx_HAL_Driver/Src/stm32f1xx_hal_flash_ex.o ./Drivers/STM32F1xx_HAL_Driver/Src/stm32f1xx_hal_gpio.o ./Drivers/STM32F1xx_HAL_Driver/Src/stm32f1xx_hal_gpio_ex.o ./Drivers/STM32F1xx_HAL_Driver/Src/stm32f1xx_hal_pwr.o ./Drivers/STM32F1xx_HAL_Driver/Src/stm32f1xx_hal_rcc.o ./Drivers/STM32F1xx_HAL_Driver/Src/stm32f1xx_hal_rcc_ex.o ./Drivers/STM32F1xx_HAL_Driver/Src/stm32f1xx_hal_tim.o ./Drivers/STM32F1xx_HAL_Driver/Src/stm32f1xx_hal_tim_ex.o  ./Core/Startup/startup_stm32f103c6tx.o  ./Core/Src/main.o ./Core/Src/stm32f1xx_hal_msp.o ./Core/Src/stm32f1xx_it.o ./Core/Src/syscalls.o ./Core/Src/sysmem.o ./Core/Src/system_stm32f1xx.o  demoex9.elf
 
17:42:32 **** Build of configuration Debug for project demoex9 ****
make -j16 all 
arm-none-eabi-gcc "../Drivers/STM32F1xx_HAL_Driver/Src/stm32f1xx_hal.c" -mcpu=cortex-m3 -std=gnu11 -g3 -DDEBUG -DUSE_HAL_DRIVER -DSTM32F103x6 -c -I../Core/Inc -I../Drivers/STM32F1xx_HAL_Driver/Inc -I../Drivers/STM32F1xx_HAL_Driver/Inc/Legacy -I../Drivers/CMSIS/Device/ST/STM32F1xx/Include -I../Drivers/CMSIS/Include -O0 -ffunction-sections -fdata-sections -Wall -fstack-usage -MMD -MP -MF"Drivers/STM32F1xx_HAL_Driver/Src/stm32f1xx_hal.d" -MT"Drivers/STM32F1xx_HAL_Driver/Src/stm32f1xx_hal.o" --specs=nano.specs -mfloat-abi=soft -mthumb -o "Drivers/STM32F1xx_HAL_Driver/Src/stm32f1xx_hal.o"
arm-none-eabi-gcc "../Drivers/STM32F1xx_HAL_Driver/Src/stm32f1xx_hal_cortex.c" -mcpu=cortex-m3 -std=gnu11 -g3 -DDEBUG -DUSE_HAL_DRIVER -DSTM32F103x6 -c -I../Core/Inc -I../Drivers/STM32F1xx_HAL_Driver/Inc -I../Drivers/STM32F1xx_HAL_Driver/Inc/Legacy -I../Drivers/CMSIS/Device/ST/STM32F1xx/Include -I../Drivers/CMSIS/Include -O0 -ffunction-sections -fdata-sections -Wall -fstack-usage -MMD -MP -MF"Drivers/STM32F1xx_HAL_Driver/Src/stm32f1xx_hal_cortex.d" -MT"Drivers/STM32F1xx_HAL_Driver/Src/stm32f1xx_hal_cortex.o" --specs=nano.specs -mfloat-abi=soft -mthumb -o "Drivers/STM32F1xx_HAL_Driver/Src/stm32f1xx_hal_cortex.o"
arm-none-eabi-gcc "../Drivers/STM32F1xx_HAL_Driver/Src/stm32f1xx_hal_dma.c" -mcpu=cortex-m3 -std=gnu11 -g3 -DDEBUG -DUSE_HAL_DRIVER -DSTM32F103x6 -c -I../Core/Inc -I../Drivers/STM32F1xx_HAL_Driver/Inc -I../Drivers/STM32F1xx_HAL_Driver/Inc/Legacy -I../Drivers/CMSIS/Device/ST/STM32F1xx/Include -I../Drivers/CMSIS/Include -O0 -ffunction-sections -fdata-sections -Wall -fstack-usage -MMD -MP -MF"Drivers/STM32F1xx_HAL_Driver/Src/stm32f1xx_hal_dma.d" -MT"Drivers/STM32F1xx_HAL_Driver/Src/stm32f1xx_hal_dma.o" --specs=nano.specs -mfloat-abi=soft -mthumb -o "Drivers/STM32F1xx_HAL_Driver/Src/stm32f1xx_hal_dma.o"
arm-none-eabi-gcc "../Drivers/STM32F1xx_HAL_Driver/Src/stm32f1xx_hal_exti.c" -mcpu=cortex-m3 -std=gnu11 -g3 -DDEBUG -DUSE_HAL_DRIVER -DSTM32F103x6 -c -I../Core/Inc -I../Drivers/STM32F1xx_HAL_Driver/Inc -I../Drivers/STM32F1xx_HAL_Driver/Inc/Legacy -I../Drivers/CMSIS/Device/ST/STM32F1xx/Include -I../Drivers/CMSIS/Include -O0 -ffunction-sections -fdata-sections -Wall -fstack-usage -MMD -MP -MF"Drivers/STM32F1xx_HAL_Driver/Src/stm32f1xx_hal_exti.d" -MT"Drivers/STM32F1xx_HAL_Driver/Src/stm32f1xx_hal_exti.o" --specs=nano.specs -mfloat-abi=soft -mthumb -o "Drivers/STM32F1xx_HAL_Driver/Src/stm32f1xx_hal_exti.o"
arm-none-eabi-gcc "../Drivers/STM32F1xx_HAL_Driver/Src/stm32f1xx_hal_flash.c" -mcpu=cortex-m3 -std=gnu11 -g3 -DDEBUG -DUSE_HAL_DRIVER -DSTM32F103x6 -c -I../Core/Inc -I../Drivers/STM32F1xx_HAL_Driver/Inc -I../Drivers/STM32F1xx_HAL_Driver/Inc/Legacy -I../Drivers/CMSIS/Device/ST/STM32F1xx/Include -I../Drivers/CMSIS/Include -O0 -ffunction-sections -fdata-sections -Wall -fstack-usage -MMD -MP -MF"Drivers/STM32F1xx_HAL_Driver/Src/stm32f1xx_hal_flash.d" -MT"Drivers/STM32F1xx_HAL_Driver/Src/stm32f1xx_hal_flash.o" --specs=nano.specs -mfloat-abi=soft -mthumb -o "Drivers/STM32F1xx_HAL_Driver/Src/stm32f1xx_hal_flash.o"
arm-none-eabi-gcc "../Drivers/STM32F1xx_HAL_Driver/Src/stm32f1xx_hal_flash_ex.c" -mcpu=cortex-m3 -std=gnu11 -g3 -DDEBUG -DUSE_HAL_DRIVER -DSTM32F103x6 -c -I../Core/Inc -I../Drivers/STM32F1xx_HAL_Driver/Inc -I../Drivers/STM32F1xx_HAL_Driver/Inc/Legacy -I../Drivers/CMSIS/Device/ST/STM32F1xx/Include -I../Drivers/CMSIS/Include -O0 -ffunction-sections -fdata-sections -Wall -fstack-usage -MMD -MP -MF"Drivers/STM32F1xx_HAL_Driver/Src/stm32f1xx_hal_flash_ex.d" -MT"Drivers/STM32F1xx_HAL_Driver/Src/stm32f1xx_hal_flash_ex.o" --specs=nano.specs -mfloat-abi=soft -mthumb -o "Drivers/STM32F1xx_HAL_Driver/Src/stm32f1xx_hal_flash_ex.o"
arm-none-eabi-gcc "../Drivers/STM32F1xx_HAL_Driver/Src/stm32f1xx_hal_gpio.c" -mcpu=cortex-m3 -std=gnu11 -g3 -DDEBUG -DUSE_HAL_DRIVER -DSTM32F103x6 -c -I../Core/Inc -I../Drivers/STM32F1xx_HAL_Driver/Inc -I../Drivers/STM32F1xx_HAL_Driver/Inc/Legacy -I../Drivers/CMSIS/Device/ST/STM32F1xx/Include -I../Drivers/CMSIS/Include -O0 -ffunction-sections -fdata-sections -Wall -fstack-usage -MMD -MP -MF"Drivers/STM32F1xx_HAL_Driver/Src/stm32f1xx_hal_gpio.d" -MT"Drivers/STM32F1xx_HAL_Driver/Src/stm32f1xx_hal_gpio.o" --specs=nano.specs -mfloat-abi=soft -mthumb -o "Drivers/STM32F1xx_HAL_Driver/Src/stm32f1xx_hal_gpio.o"
arm-none-eabi-gcc "../Drivers/STM32F1xx_HAL_Driver/Src/stm32f1xx_hal_gpio_ex.c" -mcpu=cortex-m3 -std=gnu11 -g3 -DDEBUG -DUSE_HAL_DRIVER -DSTM32F103x6 -c -I../Core/Inc -I../Drivers/STM32F1xx_HAL_Driver/Inc -I../Drivers/STM32F1xx_HAL_Driver/Inc/Legacy -I../Drivers/CMSIS/Device/ST/STM32F1xx/Include -I../Drivers/CMSIS/Include -O0 -ffunction-sections -fdata-sections -Wall -fstack-usage -MMD -MP -MF"Drivers/STM32F1xx_HAL_Driver/Src/stm32f1xx_hal_gpio_ex.d" -MT"Drivers/STM32F1xx_HAL_Driver/Src/stm32f1xx_hal_gpio_ex.o" --specs=nano.specs -mfloat-abi=soft -mthumb -o "Drivers/STM32F1xx_HAL_Driver/Src/stm32f1xx_hal_gpio_ex.o"
arm-none-eabi-gcc "../Drivers/STM32F1xx_HAL_Driver/Src/stm32f1xx_hal_pwr.c" -mcpu=cortex-m3 -std=gnu11 -g3 -DDEBUG -DUSE_HAL_DRIVER -DSTM32F103x6 -c -I../Core/Inc -I../Drivers/STM32F1xx_HAL_Driver/Inc -I../Drivers/STM32F1xx_HAL_Driver/Inc/Legacy -I../Drivers/CMSIS/Device/ST/STM32F1xx/Include -I../Drivers/CMSIS/Include -O0 -ffunction-sections -fdata-sections -Wall -fstack-usage -MMD -MP -MF"Drivers/STM32F1xx_HAL_Driver/Src/stm32f1xx_hal_pwr.d" -MT"Drivers/STM32F1xx_HAL_Driver/Src/stm32f1xx_hal_pwr.o" --specs=nano.specs -mfloat-abi=soft -mthumb -o "Drivers/STM32F1xx_HAL_Driver/Src/stm32f1xx_hal_pwr.o"
arm-none-eabi-gcc "../Drivers/STM32F1xx_HAL_Driver/Src/stm32f1xx_hal_rcc.c" -mcpu=cortex-m3 -std=gnu11 -g3 -DDEBUG -DUSE_HAL_DRIVER -DSTM32F103x6 -c -I../Core/Inc -I../Drivers/STM32F1xx_HAL_Driver/Inc -I../Drivers/STM32F1xx_HAL_Driver/Inc/Legacy -I../Drivers/CMSIS/Device/ST/STM32F1xx/Include -I../Drivers/CMSIS/Include -O0 -ffunction-sections -fdata-sections -Wall -fstack-usage -MMD -MP -MF"Drivers/STM32F1xx_HAL_Driver/Src/stm32f1xx_hal_rcc.d" -MT"Drivers/STM32F1xx_HAL_Driver/Src/stm32f1xx_hal_rcc.o" --specs=nano.specs -mfloat-abi=soft -mthumb -o "Drivers/STM32F1xx_HAL_Driver/Src/stm32f1xx_hal_rcc.o"
arm-none-eabi-gcc "../Drivers/STM32F1xx_HAL_Driver/Src/stm32f1xx_hal_rcc_ex.c" -mcpu=cortex-m3 -std=gnu11 -g3 -DDEBUG -DUSE_HAL_DRIVER -DSTM32F103x6 -c -I../Core/Inc -I../Drivers/STM32F1xx_HAL_Driver/Inc -I../Drivers/STM32F1xx_HAL_Driver/Inc/Legacy -I../Drivers/CMSIS/Device/ST/STM32F1xx/Include -I../Drivers/CMSIS/Include -O0 -ffunction-sections -fdata-sections -Wall -fstack-usage -MMD -MP -MF"Drivers/STM32F1xx_HAL_Driver/Src/stm32f1xx_hal_rcc_ex.d" -MT"Drivers/STM32F1xx_HAL_Driver/Src/stm32f1xx_hal_rcc_ex.o" --specs=nano.specs -mfloat-abi=soft -mthumb -o "Drivers/STM32F1xx_HAL_Driver/Src/stm32f1xx_hal_rcc_ex.o"
arm-none-eabi-gcc "../Drivers/STM32F1xx_HAL_Driver/Src/stm32f1xx_hal_tim.c" -mcpu=cortex-m3 -std=gnu11 -g3 -DDEBUG -DUSE_HAL_DRIVER -DSTM32F103x6 -c -I../Core/Inc -I../Drivers/STM32F1xx_HAL_Driver/Inc -I../Drivers/STM32F1xx_HAL_Driver/Inc/Legacy -I../Drivers/CMSIS/Device/ST/STM32F1xx/Include -I../Drivers/CMSIS/Include -O0 -ffunction-sections -fdata-sections -Wall -fstack-usage -MMD -MP -MF"Drivers/STM32F1xx_HAL_Driver/Src/stm32f1xx_hal_tim.d" -MT"Drivers/STM32F1xx_HAL_Driver/Src/stm32f1xx_hal_tim.o" --specs=nano.specs -mfloat-abi=soft -mthumb -o "Drivers/STM32F1xx_HAL_Driver/Src/stm32f1xx_hal_tim.o"
arm-none-eabi-gcc "../Drivers/STM32F1xx_HAL_Driver/Src/stm32f1xx_hal_tim_ex.c" -mcpu=cortex-m3 -std=gnu11 -g3 -DDEBUG -DUSE_HAL_DRIVER -DSTM32F103x6 -c -I../Core/Inc -I../Drivers/STM32F1xx_HAL_Driver/Inc -I../Drivers/STM32F1xx_HAL_Driver/Inc/Legacy -I../Drivers/CMSIS/Device/ST/STM32F1xx/Include -I../Drivers/CMSIS/Include -O0 -ffunction-sections -fdata-sections -Wall -fstack-usage -MMD -MP -MF"Drivers/STM32F1xx_HAL_Driver/Src/stm32f1xx_hal_tim_ex.d" -MT"Drivers/STM32F1xx_HAL_Driver/Src/stm32f1xx_hal_tim_ex.o" --specs=nano.specs -mfloat-abi=soft -mthumb -o "Drivers/STM32F1xx_HAL_Driver/Src/stm32f1xx_hal_tim_ex.o"
arm-none-eabi-gcc -mcpu=cortex-m3 -g3 -DDEBUG -c -x assembler-with-cpp -MMD -MP -MF"Core/Startup/startup_stm32f103c6tx.d" -MT"Core/Startup/startup_stm32f103c6tx.o" --specs=nano.specs -mfloat-abi=soft -mthumb -o "Core/Startup/startup_stm32f103c6tx.o" "../Core/Startup/startup_stm32f103c6tx.s"
arm-none-eabi-gcc "../Core/Src/main.c" -mcpu=cortex-m3 -std=gnu11 -g3 -DDEBUG -DUSE_HAL_DRIVER -DSTM32F103x6 -c -I../Core/Inc -I../Drivers/STM32F1xx_HAL_Driver/Inc -I../Drivers/STM32F1xx_HAL_Driver/Inc/Legacy -I../Drivers/CMSIS/Device/ST/STM32F1xx/Include -I../Drivers/CMSIS/Include -O0 -ffunction-sections -fdata-sections -Wall -fstack-usage -MMD -MP -MF"Core/Src/main.d" -MT"Core/Src/main.o" --specs=nano.specs -mfloat-abi=soft -mthumb -o "Core/Src/main.o"
arm-none-eabi-gcc "../Core/Src/stm32f1xx_hal_msp.c" -mcpu=cortex-m3 -std=gnu11 -g3 -DDEBUG -DUSE_HAL_DRIVER -DSTM32F103x6 -c -I../Core/Inc -I../Drivers/STM32F1xx_HAL_Driver/Inc -I../Drivers/STM32F1xx_HAL_Driver/Inc/Legacy -I../Drivers/CMSIS/Device/ST/STM32F1xx/Include -I../Drivers/CMSIS/Include -O0 -ffunction-sections -fdata-sections -Wall -fstack-usage -MMD -MP -MF"Core/Src/stm32f1xx_hal_msp.d" -MT"Core/Src/stm32f1xx_hal_msp.o" --specs=nano.specs -mfloat-abi=soft -mthumb -o "Core/Src/stm32f1xx_hal_msp.o"
arm-none-eabi-gcc "../Core/Src/stm32f1xx_it.c" -mcpu=cortex-m3 -std=gnu11 -g3 -DDEBUG -DUSE_HAL_DRIVER -DSTM32F103x6 -c -I../Core/Inc -I../Drivers/STM32F1xx_HAL_Driver/Inc -I../Drivers/STM32F1xx_HAL_Driver/Inc/Legacy -I../Drivers/CMSIS/Device/ST/STM32F1xx/Include -I../Drivers/CMSIS/Include -O0 -ffunction-sections -fdata-sections -Wall -fstack-usage -MMD -MP -MF"Core/Src/stm32f1xx_it.d" -MT"Core/Src/stm32f1xx_it.o" --specs=nano.specs -mfloat-abi=soft -mthumb -o "Core/Src/stm32f1xx_it.o"
arm-none-eabi-gcc "../Core/Src/syscalls.c" -mcpu=cortex-m3 -std=gnu11 -g3 -DDEBUG -DUSE_HAL_DRIVER -DSTM32F103x6 -c -I../Core/Inc -I../Drivers/STM32F1xx_HAL_Driver/Inc -I../Drivers/STM32F1xx_HAL_Driver/Inc/Legacy -I../Drivers/CMSIS/Device/ST/STM32F1xx/Include -I../Drivers/CMSIS/Include -O0 -ffunction-sections -fdata-sections -Wall -fstack-usage -MMD -MP -MF"Core/Src/syscalls.d" -MT"Core/Src/syscalls.o" --specs=nano.specs -mfloat-abi=soft -mthumb -o "Core/Src/syscalls.o"
arm-none-eabi-gcc "../Core/Src/sysmem.c" -mcpu=cortex-m3 -std=gnu11 -g3 -DDEBUG -DUSE_HAL_DRIVER -DSTM32F103x6 -c -I../Core/Inc -I../Drivers/STM32F1xx_HAL_Driver/Inc -I../Drivers/STM32F1xx_HAL_Driver/Inc/Legacy -I../Drivers/CMSIS/Device/ST/STM32F1xx/Include -I../Drivers/CMSIS/Include -O0 -ffunction-sections -fdata-sections -Wall -fstack-usage -MMD -MP -MF"Core/Src/sysmem.d" -MT"Core/Src/sysmem.o" --specs=nano.specs -mfloat-abi=soft -mthumb -o "Core/Src/sysmem.o"
arm-none-eabi-gcc "../Core/Src/system_stm32f1xx.c" -mcpu=cortex-m3 -std=gnu11 -g3 -DDEBUG -DUSE_HAL_DRIVER -DSTM32F103x6 -c -I../Core/Inc -I../Drivers/STM32F1xx_HAL_Driver/Inc -I../Drivers/STM32F1xx_HAL_Driver/Inc/Legacy -I../Drivers/CMSIS/Device/ST/STM32F1xx/Include -I../Drivers/CMSIS/Include -O0 -ffunction-sections -fdata-sections -Wall -fstack-usage -MMD -MP -MF"Core/Src/system_stm32f1xx.d" -MT"Core/Src/system_stm32f1xx.o" --specs=nano.specs -mfloat-abi=soft -mthumb -o "Core/Src/system_stm32f1xx.o"
arm-none-eabi-g++ -o "demoex9.elf" @"objects.list"   -mcpu=cortex-m3 -T"D:\STM32CubeIDE_1.7.0\LABs\LAB2\demoex9\STM32F103C6TX_FLASH.ld" --specs=nosys.specs -Wl,-Map="demoex9.map" -Wl,--gc-sections -static --specs=nano.specs -mfloat-abi=soft -mthumb -Wl,--start-group -lc -lm -lstdc++ -lsupc++ -Wl,--end-group
Finished building target: demoex9.elf
 
arm-none-eabi-size   demoex9.elf 
arm-none-eabi-objdump -h -S  demoex9.elf  > "demoex9.list"
arm-none-eabi-objcopy  -O ihex  demoex9.elf  "demoex9.hex"
arm-none-eabi-objcopy  -O binary  demoex9.elf  "demoex9.bin"
   text	   data	    bss	    dec	    hex	filename
   9704	     36	   1708	  11448	   2cb8	demoex9.elf
Finished building: default.size.stdout
 
Finished building: demoex9.hex
Finished building: demoex9.bin
 
Finished building: demoex9.list
 
 
18:06:41 **** Incremental Build of configuration Debug for project demoex9 ****
make -j16 all 
arm-none-eabi-gcc "../Core/Src/main.c" -mcpu=cortex-m3 -std=gnu11 -g3 -DDEBUG -DUSE_HAL_DRIVER -DSTM32F103x6 -c -I../Core/Inc -I../Drivers/STM32F1xx_HAL_Driver/Inc -I../Drivers/STM32F1xx_HAL_Driver/Inc/Legacy -I../Drivers/CMSIS/Device/ST/STM32F1xx/Include -I../Drivers/CMSIS/Include -O0 -ffunction-sections -fdata-sections -Wall -fstack-usage -MMD -MP -MF"Core/Src/main.d" -MT"Core/Src/main.o" --specs=nano.specs -mfloat-abi=soft -mthumb -o "Core/Src/main.o"
arm-none-eabi-g++ -o "demoex9.elf" @"objects.list"   -mcpu=cortex-m3 -T"D:\STM32CubeIDE_1.7.0\LABs\LAB2\demoex9\STM32F103C6TX_FLASH.ld" --specs=nosys.specs -Wl,-Map="demoex9.map" -Wl,--gc-sections -static --specs=nano.specs -mfloat-abi=soft -mthumb -Wl,--start-group -lc -lm -lstdc++ -lsupc++ -Wl,--end-group
Finished building target: demoex9.elf
 
arm-none-eabi-size   demoex9.elf 
arm-none-eabi-objdump -h -S  demoex9.elf  > "demoex9.list"
arm-none-eabi-objcopy  -O ihex  demoex9.elf  "demoex9.hex"
arm-none-eabi-objcopy  -O binary  demoex9.elf  "demoex9.bin"
   text	   data	    bss	    dec	    hex	filename
   9936	     36	   1708	  11680	   2da0	demoex9.elf
Finished building: default.size.stdout
 
Finished building: demoex9.bin
Finished building: demoex9.hex
 
Finished building: demoex9.list
 
 
18:07:01 **** Incremental Build of configuration Debug for project demoex9 ****
make -j16 all 
arm-none-eabi-size   demoex9.elf 
   text	   data	    bss	    dec	    hex	filename
   9936	     36	   1708	  11680	   2da0	demoex9.elf
Finished building: default.size.stdout
 
18:13:53 **** Incremental Build of configuration Debug for project demoex9 ****
make -j16 all 
arm-none-eabi-gcc "../Core/Src/main.c" -mcpu=cortex-m3 -std=gnu11 -g3 -DDEBUG -DUSE_HAL_DRIVER -DSTM32F103x6 -c -I../Core/Inc -I../Drivers/STM32F1xx_HAL_Driver/Inc -I../Drivers/STM32F1xx_HAL_Driver/Inc/Legacy -I../Drivers/CMSIS/Device/ST/STM32F1xx/Include -I../Drivers/CMSIS/Include -O0 -ffunction-sections -fdata-sections -Wall -fstack-usage -MMD -MP -MF"Core/Src/main.d" -MT"Core/Src/main.o" --specs=nano.specs -mfloat-abi=soft -mthumb -o "Core/Src/main.o"
arm-none-eabi-g++ -o "demoex9.elf" @"objects.list"   -mcpu=cortex-m3 -T"D:\STM32CubeIDE_1.7.0\LABs\LAB2\demoex9\STM32F103C6TX_FLASH.ld" --specs=nosys.specs -Wl,-Map="demoex9.map" -Wl,--gc-sections -static --specs=nano.specs -mfloat-abi=soft -mthumb -Wl,--start-group -lc -lm -lstdc++ -lsupc++ -Wl,--end-group
Finished building target: demoex9.elf
 
arm-none-eabi-size   demoex9.elf 
arm-none-eabi-objdump -h -S  demoex9.elf  > "demoex9.list"
arm-none-eabi-objcopy  -O ihex  demoex9.elf  "demoex9.hex"
arm-none-eabi-objcopy  -O binary  demoex9.elf  "demoex9.bin"
   text	   data	    bss	    dec	    hex	filename
   9936	     36	   1708	  11680	   2da0	demoex9.elf
Finished building: default.size.stdout
 
Finished building: demoex9.hex
Finished building: demoex9.bin
 
 
Finished building: demoex9.list
 
18:14:58 **** Incremental Build of configuration Debug for project demoex9 ****
make -j16 all 
arm-none-eabi-gcc "../Core/Src/main.c" -mcpu=cortex-m3 -std=gnu11 -g3 -DDEBUG -DUSE_HAL_DRIVER -DSTM32F103x6 -c -I../Core/Inc -I../Drivers/STM32F1xx_HAL_Driver/Inc -I../Drivers/STM32F1xx_HAL_Driver/Inc/Legacy -I../Drivers/CMSIS/Device/ST/STM32F1xx/Include -I../Drivers/CMSIS/Include -O0 -ffunction-sections -fdata-sections -Wall -fstack-usage -MMD -MP -MF"Core/Src/main.d" -MT"Core/Src/main.o" --specs=nano.specs -mfloat-abi=soft -mthumb -o "Core/Src/main.o"
arm-none-eabi-g++ -o "demoex9.elf" @"objects.list"   -mcpu=cortex-m3 -T"D:\STM32CubeIDE_1.7.0\LABs\LAB2\demoex9\STM32F103C6TX_FLASH.ld" --specs=nosys.specs -Wl,-Map="demoex9.map" -Wl,--gc-sections -static --specs=nano.specs -mfloat-abi=soft -mthumb -Wl,--start-group -lc -lm -lstdc++ -lsupc++ -Wl,--end-group
Finished building target: demoex9.elf
 
arm-none-eabi-size   demoex9.elf 
arm-none-eabi-objdump -h -S  demoex9.elf  > "demoex9.list"
arm-none-eabi-objcopy  -O ihex  demoex9.elf  "demoex9.hex"
arm-none-eabi-objcopy  -O binary  demoex9.elf  "demoex9.bin"
   text	   data	    bss	    dec	    hex	filename
   9872	     36	   1708	  11616	   2d60	demoex9.elf
Finished building: default.size.stdout
 
Finished building: demoex9.hex
Finished building: demoex9.bin
 
Finished building: demoex9.list
 
 
18:36:59 **** Incremental Build of configuration Debug for project demoex9 ****
make -j16 all 
arm-none-eabi-gcc "../Core/Src/main.c" -mcpu=cortex-m3 -std=gnu11 -g3 -DDEBUG -DUSE_HAL_DRIVER -DSTM32F103x6 -c -I../Core/Inc -I../Drivers/STM32F1xx_HAL_Driver/Inc -I../Drivers/STM32F1xx_HAL_Driver/Inc/Legacy -I../Drivers/CMSIS/Device/ST/STM32F1xx/Include -I../Drivers/CMSIS/Include -O0 -ffunction-sections -fdata-sections -Wall -fstack-usage -MMD -MP -MF"Core/Src/main.d" -MT"Core/Src/main.o" --specs=nano.specs -mfloat-abi=soft -mthumb -o "Core/Src/main.o"
../Core/Src/main.c:274:1: error: unknown type name 'unit8_t'; did you mean 'uint8_t'?
  274 | unit8_t pin_state [8] = {ROW0_Pin,ROW1_Pin}
      | ^~~~~~~
      | uint8_t
../Core/Src/main.c:276:1: error: expected ',' or ';' before 'void'
  276 | void SCAN_LED_MATRIX(int index){
      | ^~~~
../Core/Src/main.c: In function 'updateLEDMatrix':
../Core/Src/main.c:291:9: warning: implicit declaration of function 'SCAN_LED_MATRIX' [-Wimplicit-function-declaration]
  291 |         SCAN_LED_MATRIX(index);
      |         ^~~~~~~~~~~~~~~
make: *** [Core/Src/subdir.mk:34: Core/Src/main.o] Error 1
"make -j16 all" terminated with exit code 2. Build might be incomplete.
18:37:11 **** Incremental Build of configuration Debug for project demoex9 ****
make -j16 all 
arm-none-eabi-gcc "../Core/Src/main.c" -mcpu=cortex-m3 -std=gnu11 -g3 -DDEBUG -DUSE_HAL_DRIVER -DSTM32F103x6 -c -I../Core/Inc -I../Drivers/STM32F1xx_HAL_Driver/Inc -I../Drivers/STM32F1xx_HAL_Driver/Inc/Legacy -I../Drivers/CMSIS/Device/ST/STM32F1xx/Include -I../Drivers/CMSIS/Include -O0 -ffunction-sections -fdata-sections -Wall -fstack-usage -MMD -MP -MF"Core/Src/main.d" -MT"Core/Src/main.o" --specs=nano.specs -mfloat-abi=soft -mthumb -o "Core/Src/main.o"
../Core/Src/main.c:274:1: error: unknown type name 'unt8_t'; did you mean 'uint8_t'?
  274 | unt8_t pin_state [8] = {ROW0_Pin,ROW1_Pin}
      | ^~~~~~
      | uint8_t
../Core/Src/main.c:276:1: error: expected ',' or ';' before 'void'
  276 | void SCAN_LED_MATRIX(int index){
      | ^~~~
../Core/Src/main.c: In function 'updateLEDMatrix':
../Core/Src/main.c:291:9: warning: implicit declaration of function 'SCAN_LED_MATRIX' [-Wimplicit-function-declaration]
  291 |         SCAN_LED_MATRIX(index);
      |         ^~~~~~~~~~~~~~~
make: *** [Core/Src/subdir.mk:34: Core/Src/main.o] Error 1
"make -j16 all" terminated with exit code 2. Build might be incomplete.
18:37:21 **** Incremental Build of configuration Debug for project demoex9 ****
make -j16 all 
arm-none-eabi-gcc "../Core/Src/main.c" -mcpu=cortex-m3 -std=gnu11 -g3 -DDEBUG -DUSE_HAL_DRIVER -DSTM32F103x6 -c -I../Core/Inc -I../Drivers/STM32F1xx_HAL_Driver/Inc -I../Drivers/STM32F1xx_HAL_Driver/Inc/Legacy -I../Drivers/CMSIS/Device/ST/STM32F1xx/Include -I../Drivers/CMSIS/Include -O0 -ffunction-sections -fdata-sections -Wall -fstack-usage -MMD -MP -MF"Core/Src/main.d" -MT"Core/Src/main.o" --specs=nano.specs -mfloat-abi=soft -mthumb -o "Core/Src/main.o"
In file included from ../Core/Inc/stm32f1xx_hal_conf.h:241,
                 from ../Drivers/STM32F1xx_HAL_Driver/Inc/stm32f1xx_hal.h:29,
                 from ../Core/Inc/main.h:31,
                 from ../Core/Src/main.c:21:
../Drivers/STM32F1xx_HAL_Driver/Inc/stm32f1xx_hal_gpio.h:90:36: warning: conversion from 'short unsigned int' to 'unsigned char' changes value from '256' to '0' [-Woverflow]
   90 | #define GPIO_PIN_8                 ((uint16_t)0x0100)  /* Pin 8 selected    */
      |                                    ^
../Core/Inc/main.h:117:18: note: in expansion of macro 'GPIO_PIN_8'
  117 | #define ROW0_Pin GPIO_PIN_8
      |                  ^~~~~~~~~~
../Core/Src/main.c:274:26: note: in expansion of macro 'ROW0_Pin'
  274 | uint8_t pin_state [8] = {ROW0_Pin,ROW1_Pin}
      |                          ^~~~~~~~
../Drivers/STM32F1xx_HAL_Driver/Inc/stm32f1xx_hal_gpio.h:91:36: warning: conversion from 'short unsigned int' to 'unsigned char' changes value from '512' to '0' [-Woverflow]
   91 | #define GPIO_PIN_9                 ((uint16_t)0x0200)  /* Pin 9 selected    */
      |                                    ^
../Core/Inc/main.h:119:18: note: in expansion of macro 'GPIO_PIN_9'
  119 | #define ROW1_Pin GPIO_PIN_9
      |                  ^~~~~~~~~~
../Core/Src/main.c:274:35: note: in expansion of macro 'ROW1_Pin'
  274 | uint8_t pin_state [8] = {ROW0_Pin,ROW1_Pin}
      |                                   ^~~~~~~~
../Core/Src/main.c:276:1: error: expected ',' or ';' before 'void'
  276 | void SCAN_LED_MATRIX(int index){
      | ^~~~
../Core/Src/main.c: In function 'updateLEDMatrix':
../Core/Src/main.c:291:9: warning: implicit declaration of function 'SCAN_LED_MATRIX' [-Wimplicit-function-declaration]
  291 |         SCAN_LED_MATRIX(index);
      |         ^~~~~~~~~~~~~~~
make: *** [Core/Src/subdir.mk:34: Core/Src/main.o] Error 1
"make -j16 all" terminated with exit code 2. Build might be incomplete.
18:39:57 **** Incremental Build of configuration Debug for project demoex9 ****
make -j16 all 
arm-none-eabi-gcc "../Core/Src/main.c" -mcpu=cortex-m3 -std=gnu11 -g3 -DDEBUG -DUSE_HAL_DRIVER -DSTM32F103x6 -c -I../Core/Inc -I../Drivers/STM32F1xx_HAL_Driver/Inc -I../Drivers/STM32F1xx_HAL_Driver/Inc/Legacy -I../Drivers/CMSIS/Device/ST/STM32F1xx/Include -I../Drivers/CMSIS/Include -O0 -ffunction-sections -fdata-sections -Wall -fstack-usage -MMD -MP -MF"Core/Src/main.d" -MT"Core/Src/main.o" --specs=nano.specs -mfloat-abi=soft -mthumb -o "Core/Src/main.o"
arm-none-eabi-g++ -o "demoex9.elf" @"objects.list"   -mcpu=cortex-m3 -T"D:\STM32CubeIDE_1.7.0\LABs\LAB2\demoex9\STM32F103C6TX_FLASH.ld" --specs=nosys.specs -Wl,-Map="demoex9.map" -Wl,--gc-sections -static --specs=nano.specs -mfloat-abi=soft -mthumb -Wl,--start-group -lc -lm -lstdc++ -lsupc++ -Wl,--end-group
Finished building target: demoex9.elf
 
arm-none-eabi-size   demoex9.elf 
arm-none-eabi-objdump -h -S  demoex9.elf  > "demoex9.list"
arm-none-eabi-objcopy  -O ihex  demoex9.elf  "demoex9.hex"
arm-none-eabi-objcopy  -O binary  demoex9.elf  "demoex9.bin"
   text	   data	    bss	    dec	    hex	filename
   9676	     28	   1708	  11412	   2c94	demoex9.elf
Finished building: default.size.stdout
 
Finished building: demoex9.hex
Finished building: demoex9.bin
 
 
Finished building: demoex9.list
 
18:40:13 **** Incremental Build of configuration Debug for project demoex9 ****
make -j16 all 
arm-none-eabi-gcc "../Core/Src/main.c" -mcpu=cortex-m3 -std=gnu11 -g3 -DDEBUG -DUSE_HAL_DRIVER -DSTM32F103x6 -c -I../Core/Inc -I../Drivers/STM32F1xx_HAL_Driver/Inc -I../Drivers/STM32F1xx_HAL_Driver/Inc/Legacy -I../Drivers/CMSIS/Device/ST/STM32F1xx/Include -I../Drivers/CMSIS/Include -O0 -ffunction-sections -fdata-sections -Wall -fstack-usage -MMD -MP -MF"Core/Src/main.d" -MT"Core/Src/main.o" --specs=nano.specs -mfloat-abi=soft -mthumb -o "Core/Src/main.o"
arm-none-eabi-g++ -o "demoex9.elf" @"objects.list"   -mcpu=cortex-m3 -T"D:\STM32CubeIDE_1.7.0\LABs\LAB2\demoex9\STM32F103C6TX_FLASH.ld" --specs=nosys.specs -Wl,-Map="demoex9.map" -Wl,--gc-sections -static --specs=nano.specs -mfloat-abi=soft -mthumb -Wl,--start-group -lc -lm -lstdc++ -lsupc++ -Wl,--end-group
Finished building target: demoex9.elf
 
arm-none-eabi-size   demoex9.elf 
arm-none-eabi-objdump -h -S  demoex9.elf  > "demoex9.list"
arm-none-eabi-objcopy  -O ihex  demoex9.elf  "demoex9.hex"
arm-none-eabi-objcopy  -O binary  demoex9.elf  "demoex9.bin"
   text	   data	    bss	    dec	    hex	filename
   9840	     36	   1708	  11584	   2d40	demoex9.elf
Finished building: default.size.stdout
 
Finished building: demoex9.hex
Finished building: demoex9.bin
 
 
Finished building: demoex9.list
 
18:40:49 **** Incremental Build of configuration Debug for project demoex9 ****
make -j16 all 
arm-none-eabi-gcc "../Core/Src/main.c" -mcpu=cortex-m3 -std=gnu11 -g3 -DDEBUG -DUSE_HAL_DRIVER -DSTM32F103x6 -c -I../Core/Inc -I../Drivers/STM32F1xx_HAL_Driver/Inc -I../Drivers/STM32F1xx_HAL_Driver/Inc/Legacy -I../Drivers/CMSIS/Device/ST/STM32F1xx/Include -I../Drivers/CMSIS/Include -O0 -ffunction-sections -fdata-sections -Wall -fstack-usage -MMD -MP -MF"Core/Src/main.d" -MT"Core/Src/main.o" --specs=nano.specs -mfloat-abi=soft -mthumb -o "Core/Src/main.o"
arm-none-eabi-g++ -o "demoex9.elf" @"objects.list"   -mcpu=cortex-m3 -T"D:\STM32CubeIDE_1.7.0\LABs\LAB2\demoex9\STM32F103C6TX_FLASH.ld" --specs=nosys.specs -Wl,-Map="demoex9.map" -Wl,--gc-sections -static --specs=nano.specs -mfloat-abi=soft -mthumb -Wl,--start-group -lc -lm -lstdc++ -lsupc++ -Wl,--end-group
Finished building target: demoex9.elf
 
arm-none-eabi-size   demoex9.elf 
arm-none-eabi-objdump -h -S  demoex9.elf  > "demoex9.list"
arm-none-eabi-objcopy  -O ihex  demoex9.elf  "demoex9.hex"
arm-none-eabi-objcopy  -O binary  demoex9.elf  "demoex9.bin"
   text	   data	    bss	    dec	    hex	filename
   9700	     36	   1708	  11444	   2cb4	demoex9.elf
Finished building: default.size.stdout
 
Finished building: demoex9.hex
Finished building: demoex9.bin
 
Finished building: demoex9.list
 
 
18:43:21 **** Incremental Build of configuration Debug for project demoex9 ****
make -j16 all 
arm-none-eabi-gcc "../Core/Src/main.c" -mcpu=cortex-m3 -std=gnu11 -g3 -DDEBUG -DUSE_HAL_DRIVER -DSTM32F103x6 -c -I../Core/Inc -I../Drivers/STM32F1xx_HAL_Driver/Inc -I../Drivers/STM32F1xx_HAL_Driver/Inc/Legacy -I../Drivers/CMSIS/Device/ST/STM32F1xx/Include -I../Drivers/CMSIS/Include -O0 -ffunction-sections -fdata-sections -Wall -fstack-usage -MMD -MP -MF"Core/Src/main.d" -MT"Core/Src/main.o" --specs=nano.specs -mfloat-abi=soft -mthumb -o "Core/Src/main.o"
arm-none-eabi-g++ -o "demoex9.elf" @"objects.list"   -mcpu=cortex-m3 -T"D:\STM32CubeIDE_1.7.0\LABs\LAB2\demoex9\STM32F103C6TX_FLASH.ld" --specs=nosys.specs -Wl,-Map="demoex9.map" -Wl,--gc-sections -static --specs=nano.specs -mfloat-abi=soft -mthumb -Wl,--start-group -lc -lm -lstdc++ -lsupc++ -Wl,--end-group
Finished building target: demoex9.elf
 
arm-none-eabi-size   demoex9.elf 
arm-none-eabi-objdump -h -S  demoex9.elf  > "demoex9.list"
arm-none-eabi-objcopy  -O ihex  demoex9.elf  "demoex9.hex"
arm-none-eabi-objcopy  -O binary  demoex9.elf  "demoex9.bin"
   text	   data	    bss	    dec	    hex	filename
   9708	     36	   1708	  11452	   2cbc	demoex9.elf
Finished building: default.size.stdout
 
Finished building: demoex9.hex
Finished building: demoex9.bin
 
 
Finished building: demoex9.list
 
18:44:01 **** Incremental Build of configuration Debug for project demoex9 ****
make -j16 all 
arm-none-eabi-gcc "../Core/Src/main.c" -mcpu=cortex-m3 -std=gnu11 -g3 -DDEBUG -DUSE_HAL_DRIVER -DSTM32F103x6 -c -I../Core/Inc -I../Drivers/STM32F1xx_HAL_Driver/Inc -I../Drivers/STM32F1xx_HAL_Driver/Inc/Legacy -I../Drivers/CMSIS/Device/ST/STM32F1xx/Include -I../Drivers/CMSIS/Include -O0 -ffunction-sections -fdata-sections -Wall -fstack-usage -MMD -MP -MF"Core/Src/main.d" -MT"Core/Src/main.o" --specs=nano.specs -mfloat-abi=soft -mthumb -o "Core/Src/main.o"
../Core/Src/main.c:274:2: warning: unsigned conversion from 'int' to 'unsigned char' changes value from '4608' to '0' [-Woverflow]
  274 |  00011000,
      |  ^~~~~~~~
../Core/Src/main.c:275:6: warning: unsigned conversion from 'int' to 'unsigned char' changes value from '37440' to '64' [-Woverflow]
  275 |      00111100,
      |      ^~~~~~~~
../Core/Src/main.c:276:6: warning: unsigned conversion from 'int' to 'unsigned char' changes value from '294984' to '72' [-Woverflow]
  276 |      01100110,
      |      ^~~~~~~~
../Core/Src/main.c:277:6: warning: unsigned conversion from 'int' to 'unsigned char' changes value from '294984' to '72' [-Woverflow]
  277 |      01100110,
      |      ^~~~~~~~
../Core/Src/main.c:278:6: warning: unsigned conversion from 'int' to 'unsigned char' changes value from '299592' to '72' [-Woverflow]
  278 |      01111110,
      |      ^~~~~~~~
../Core/Src/main.c:279:6: warning: unsigned conversion from 'int' to 'unsigned char' changes value from '294984' to '72' [-Woverflow]
  279 |      001100110,
      |      ^~~~~~~~~
../Core/Src/main.c:280:6: warning: unsigned conversion from 'int' to 'unsigned char' changes value from '294984' to '72' [-Woverflow]
  280 |      01100110,
      |      ^~~~~~~~
arm-none-eabi-g++ -o "demoex9.elf" @"objects.list"   -mcpu=cortex-m3 -T"D:\STM32CubeIDE_1.7.0\LABs\LAB2\demoex9\STM32F103C6TX_FLASH.ld" --specs=nosys.specs -Wl,-Map="demoex9.map" -Wl,--gc-sections -static --specs=nano.specs -mfloat-abi=soft -mthumb -Wl,--start-group -lc -lm -lstdc++ -lsupc++ -Wl,--end-group
Finished building target: demoex9.elf
 
arm-none-eabi-size   demoex9.elf 
arm-none-eabi-objdump -h -S  demoex9.elf  > "demoex9.list"
arm-none-eabi-objcopy  -O ihex  demoex9.elf  "demoex9.hex"
arm-none-eabi-objcopy  -O binary  demoex9.elf  "demoex9.bin"
   text	   data	    bss	    dec	    hex	filename
   9708	     36	   1708	  11452	   2cbc	demoex9.elf
Finished building: default.size.stdout
 
Finished building: demoex9.hex
Finished building: demoex9.bin
 
Finished building: demoex9.list
 
 
18:45:43 **** Incremental Build of configuration Debug for project demoex9 ****
make -j16 all 
arm-none-eabi-gcc "../Core/Src/main.c" -mcpu=cortex-m3 -std=gnu11 -g3 -DDEBUG -DUSE_HAL_DRIVER -DSTM32F103x6 -c -I../Core/Inc -I../Drivers/STM32F1xx_HAL_Driver/Inc -I../Drivers/STM32F1xx_HAL_Driver/Inc/Legacy -I../Drivers/CMSIS/Device/ST/STM32F1xx/Include -I../Drivers/CMSIS/Include -O0 -ffunction-sections -fdata-sections -Wall -fstack-usage -MMD -MP -MF"Core/Src/main.d" -MT"Core/Src/main.o" --specs=nano.specs -mfloat-abi=soft -mthumb -o "Core/Src/main.o"
arm-none-eabi-g++ -o "demoex9.elf" @"objects.list"   -mcpu=cortex-m3 -T"D:\STM32CubeIDE_1.7.0\LABs\LAB2\demoex9\STM32F103C6TX_FLASH.ld" --specs=nosys.specs -Wl,-Map="demoex9.map" -Wl,--gc-sections -static --specs=nano.specs -mfloat-abi=soft -mthumb -Wl,--start-group -lc -lm -lstdc++ -lsupc++ -Wl,--end-group
Finished building target: demoex9.elf
 
arm-none-eabi-size   demoex9.elf 
arm-none-eabi-objdump -h -S  demoex9.elf  > "demoex9.list"
arm-none-eabi-objcopy  -O ihex  demoex9.elf  "demoex9.hex"
arm-none-eabi-objcopy  -O binary  demoex9.elf  "demoex9.bin"
   text	   data	    bss	    dec	    hex	filename
   9708	     36	   1708	  11452	   2cbc	demoex9.elf
Finished building: default.size.stdout
 
Finished building: demoex9.hex
Finished building: demoex9.bin
 
Finished building: demoex9.list
 
 
18:47:43 **** Incremental Build of configuration Debug for project demoex9 ****
make -j16 all 
arm-none-eabi-gcc "../Core/Src/main.c" -mcpu=cortex-m3 -std=gnu11 -g3 -DDEBUG -DUSE_HAL_DRIVER -DSTM32F103x6 -c -I../Core/Inc -I../Drivers/STM32F1xx_HAL_Driver/Inc -I../Drivers/STM32F1xx_HAL_Driver/Inc/Legacy -I../Drivers/CMSIS/Device/ST/STM32F1xx/Include -I../Drivers/CMSIS/Include -O0 -ffunction-sections -fdata-sections -Wall -fstack-usage -MMD -MP -MF"Core/Src/main.d" -MT"Core/Src/main.o" --specs=nano.specs -mfloat-abi=soft -mthumb -o "Core/Src/main.o"
arm-none-eabi-g++ -o "demoex9.elf" @"objects.list"   -mcpu=cortex-m3 -T"D:\STM32CubeIDE_1.7.0\LABs\LAB2\demoex9\STM32F103C6TX_FLASH.ld" --specs=nosys.specs -Wl,-Map="demoex9.map" -Wl,--gc-sections -static --specs=nano.specs -mfloat-abi=soft -mthumb -Wl,--start-group -lc -lm -lstdc++ -lsupc++ -Wl,--end-group
Finished building target: demoex9.elf
 
arm-none-eabi-size   demoex9.elf 
arm-none-eabi-objdump -h -S  demoex9.elf  > "demoex9.list"
arm-none-eabi-objcopy  -O ihex  demoex9.elf  "demoex9.hex"
arm-none-eabi-objcopy  -O binary  demoex9.elf  "demoex9.bin"
   text	   data	    bss	    dec	    hex	filename
   9968	     36	   1708	  11712	   2dc0	demoex9.elf
Finished building: default.size.stdout
 
Finished building: demoex9.hex
Finished building: demoex9.bin
 
Finished building: demoex9.list
 
 
18:52:30 **** Incremental Build of configuration Debug for project demoex9 ****
make -j16 all 
arm-none-eabi-gcc "../Core/Src/main.c" -mcpu=cortex-m3 -std=gnu11 -g3 -DDEBUG -DUSE_HAL_DRIVER -DSTM32F103x6 -c -I../Core/Inc -I../Drivers/STM32F1xx_HAL_Driver/Inc -I../Drivers/STM32F1xx_HAL_Driver/Inc/Legacy -I../Drivers/CMSIS/Device/ST/STM32F1xx/Include -I../Drivers/CMSIS/Include -O0 -ffunction-sections -fdata-sections -Wall -fstack-usage -MMD -MP -MF"Core/Src/main.d" -MT"Core/Src/main.o" --specs=nano.specs -mfloat-abi=soft -mthumb -o "Core/Src/main.o"
../Core/Src/main.c: In function 'SCAN_LED_MATRIX':
../Core/Src/main.c:277:27: error: 'GPIO_ROW0_Pin' undeclared (first use in this function); did you mean 'ROW0_Pin'?
  277 |  HAL_GPIO_WritePin(GPIOB, GPIO_ROW0_Pin| GPIO_ROW1_Pin| GPIO_ROW2_Pin| GPIO_ROW3_Pin| GPIO_ROW4_Pin| GPIO_ROW5_Pin| GPIO_ROW6_Pin|
      |                           ^~~~~~~~~~~~~
      |                           ROW0_Pin
../Core/Src/main.c:277:27: note: each undeclared identifier is reported only once for each function it appears in
../Core/Src/main.c:277:42: error: 'GPIO_ROW1_Pin' undeclared (first use in this function); did you mean 'ROW1_Pin'?
  277 |  HAL_GPIO_WritePin(GPIOB, GPIO_ROW0_Pin| GPIO_ROW1_Pin| GPIO_ROW2_Pin| GPIO_ROW3_Pin| GPIO_ROW4_Pin| GPIO_ROW5_Pin| GPIO_ROW6_Pin|
      |                                          ^~~~~~~~~~~~~
      |                                          ROW1_Pin
../Core/Src/main.c:277:57: error: 'GPIO_ROW2_Pin' undeclared (first use in this function); did you mean 'ROW2_Pin'?
  277 |  HAL_GPIO_WritePin(GPIOB, GPIO_ROW0_Pin| GPIO_ROW1_Pin| GPIO_ROW2_Pin| GPIO_ROW3_Pin| GPIO_ROW4_Pin| GPIO_ROW5_Pin| GPIO_ROW6_Pin|
      |                                                         ^~~~~~~~~~~~~
      |                                                         ROW2_Pin
../Core/Src/main.c:277:72: error: 'GPIO_ROW3_Pin' undeclared (first use in this function); did you mean 'ROW3_Pin'?
  277 |  HAL_GPIO_WritePin(GPIOB, GPIO_ROW0_Pin| GPIO_ROW1_Pin| GPIO_ROW2_Pin| GPIO_ROW3_Pin| GPIO_ROW4_Pin| GPIO_ROW5_Pin| GPIO_ROW6_Pin|
      |                                                                        ^~~~~~~~~~~~~
      |                                                                        ROW3_Pin
../Core/Src/main.c:277:87: error: 'GPIO_ROW4_Pin' undeclared (first use in this function); did you mean 'ROW4_Pin'?
  277 |  HAL_GPIO_WritePin(GPIOB, GPIO_ROW0_Pin| GPIO_ROW1_Pin| GPIO_ROW2_Pin| GPIO_ROW3_Pin| GPIO_ROW4_Pin| GPIO_ROW5_Pin| GPIO_ROW6_Pin|
      |                                                                                       ^~~~~~~~~~~~~
      |                                                                                       ROW4_Pin
../Core/Src/main.c:277:102: error: 'GPIO_ROW5_Pin' undeclared (first use in this function); did you mean 'ROW5_Pin'?
  277 |  HAL_GPIO_WritePin(GPIOB, GPIO_ROW0_Pin| GPIO_ROW1_Pin| GPIO_ROW2_Pin| GPIO_ROW3_Pin| GPIO_ROW4_Pin| GPIO_ROW5_Pin| GPIO_ROW6_Pin|
      |                                                                                                      ^~~~~~~~~~~~~
      |                                                                                                      ROW5_Pin
../Core/Src/main.c:277:117: error: 'GPIO_ROW6_Pin' undeclared (first use in this function); did you mean 'ROW6_Pin'?
  277 |  HAL_GPIO_WritePin(GPIOB, GPIO_ROW0_Pin| GPIO_ROW1_Pin| GPIO_ROW2_Pin| GPIO_ROW3_Pin| GPIO_ROW4_Pin| GPIO_ROW5_Pin| GPIO_ROW6_Pin|
      |                                                                                                                     ^~~~~~~~~~~~~
      |                                                                                                                     ROW6_Pin
../Core/Src/main.c:278:4: error: 'GPIO_ROW7_Pin' undeclared (first use in this function); did you mean 'ROW7_Pin'?
  278 |    GPIO_ROW7_Pin, matrix_buffer[index]&0x01);
      |    ^~~~~~~~~~~~~
      |    ROW7_Pin
make: *** [Core/Src/subdir.mk:34: Core/Src/main.o] Error 1
"make -j16 all" terminated with exit code 2. Build might be incomplete.
18:52:40 **** Incremental Build of configuration Debug for project demoex9 ****
make -j16 all 
arm-none-eabi-gcc "../Core/Src/main.c" -mcpu=cortex-m3 -std=gnu11 -g3 -DDEBUG -DUSE_HAL_DRIVER -DSTM32F103x6 -c -I../Core/Inc -I../Drivers/STM32F1xx_HAL_Driver/Inc -I../Drivers/STM32F1xx_HAL_Driver/Inc/Legacy -I../Drivers/CMSIS/Device/ST/STM32F1xx/Include -I../Drivers/CMSIS/Include -O0 -ffunction-sections -fdata-sections -Wall -fstack-usage -MMD -MP -MF"Core/Src/main.d" -MT"Core/Src/main.o" --specs=nano.specs -mfloat-abi=soft -mthumb -o "Core/Src/main.o"
../Core/Src/main.c: In function 'SCAN_LED_MATRIX':
../Core/Src/main.c:277:20: error: 'GPIO_ROW0_Pin' undeclared (first use in this function); did you mean 'ROW0_Pin'?
  277 |  HAL_GPIO_WritePin(GPIO_ROW0_Pin| GPIO_ROW1_Pin| GPIO_ROW2_Pin| GPIO_ROW3_Pin| GPIO_ROW4_Pin| GPIO_ROW5_Pin| GPIO_ROW6_Pin|
      |                    ^~~~~~~~~~~~~
      |                    ROW0_Pin
../Core/Src/main.c:277:20: note: each undeclared identifier is reported only once for each function it appears in
../Core/Src/main.c:277:35: error: 'GPIO_ROW1_Pin' undeclared (first use in this function); did you mean 'ROW1_Pin'?
  277 |  HAL_GPIO_WritePin(GPIO_ROW0_Pin| GPIO_ROW1_Pin| GPIO_ROW2_Pin| GPIO_ROW3_Pin| GPIO_ROW4_Pin| GPIO_ROW5_Pin| GPIO_ROW6_Pin|
      |                                   ^~~~~~~~~~~~~
      |                                   ROW1_Pin
../Core/Src/main.c:277:50: error: 'GPIO_ROW2_Pin' undeclared (first use in this function); did you mean 'ROW2_Pin'?
  277 |  HAL_GPIO_WritePin(GPIO_ROW0_Pin| GPIO_ROW1_Pin| GPIO_ROW2_Pin| GPIO_ROW3_Pin| GPIO_ROW4_Pin| GPIO_ROW5_Pin| GPIO_ROW6_Pin|
      |                                                  ^~~~~~~~~~~~~
      |                                                  ROW2_Pin
../Core/Src/main.c:277:65: error: 'GPIO_ROW3_Pin' undeclared (first use in this function); did you mean 'ROW3_Pin'?
  277 |  HAL_GPIO_WritePin(GPIO_ROW0_Pin| GPIO_ROW1_Pin| GPIO_ROW2_Pin| GPIO_ROW3_Pin| GPIO_ROW4_Pin| GPIO_ROW5_Pin| GPIO_ROW6_Pin|
      |                                                                 ^~~~~~~~~~~~~
      |                                                                 ROW3_Pin
../Core/Src/main.c:277:80: error: 'GPIO_ROW4_Pin' undeclared (first use in this function); did you mean 'ROW4_Pin'?
  277 |  HAL_GPIO_WritePin(GPIO_ROW0_Pin| GPIO_ROW1_Pin| GPIO_ROW2_Pin| GPIO_ROW3_Pin| GPIO_ROW4_Pin| GPIO_ROW5_Pin| GPIO_ROW6_Pin|
      |                                                                                ^~~~~~~~~~~~~
      |                                                                                ROW4_Pin
../Core/Src/main.c:277:95: error: 'GPIO_ROW5_Pin' undeclared (first use in this function); did you mean 'ROW5_Pin'?
  277 |  HAL_GPIO_WritePin(GPIO_ROW0_Pin| GPIO_ROW1_Pin| GPIO_ROW2_Pin| GPIO_ROW3_Pin| GPIO_ROW4_Pin| GPIO_ROW5_Pin| GPIO_ROW6_Pin|
      |                                                                                               ^~~~~~~~~~~~~
      |                                                                                               ROW5_Pin
../Core/Src/main.c:277:110: error: 'GPIO_ROW6_Pin' undeclared (first use in this function); did you mean 'ROW6_Pin'?
  277 |  HAL_GPIO_WritePin(GPIO_ROW0_Pin| GPIO_ROW1_Pin| GPIO_ROW2_Pin| GPIO_ROW3_Pin| GPIO_ROW4_Pin| GPIO_ROW5_Pin| GPIO_ROW6_Pin|
      |                                                                                                              ^~~~~~~~~~~~~
      |                                                                                                              ROW6_Pin
../Core/Src/main.c:278:4: error: 'GPIO_ROW7_Pin' undeclared (first use in this function); did you mean 'ROW7_Pin'?
  278 |    GPIO_ROW7_Pin, matrix_buffer[index]&0x01);
      |    ^~~~~~~~~~~~~
      |    ROW7_Pin
../Core/Src/main.c:277:2: error: too few arguments to function 'HAL_GPIO_WritePin'
  277 |  HAL_GPIO_WritePin(GPIO_ROW0_Pin| GPIO_ROW1_Pin| GPIO_ROW2_Pin| GPIO_ROW3_Pin| GPIO_ROW4_Pin| GPIO_ROW5_Pin| GPIO_ROW6_Pin|
      |  ^~~~~~~~~~~~~~~~~
In file included from ../Core/Inc/stm32f1xx_hal_conf.h:241,
                 from ../Drivers/STM32F1xx_HAL_Driver/Inc/stm32f1xx_hal.h:29,
                 from ../Core/Inc/main.h:31,
                 from ../Core/Src/main.c:21:
../Drivers/STM32F1xx_HAL_Driver/Inc/stm32f1xx_hal_gpio.h:234:6: note: declared here
  234 | void HAL_GPIO_WritePin(GPIO_TypeDef *GPIOx, uint16_t GPIO_Pin, GPIO_PinState PinState);
      |      ^~~~~~~~~~~~~~~~~
make: *** [Core/Src/subdir.mk:34: Core/Src/main.o] Error 1
"make -j16 all" terminated with exit code 2. Build might be incomplete.
18:53:01 **** Incremental Build of configuration Debug for project demoex9 ****
make -j16 all 
arm-none-eabi-gcc "../Core/Src/main.c" -mcpu=cortex-m3 -std=gnu11 -g3 -DDEBUG -DUSE_HAL_DRIVER -DSTM32F103x6 -c -I../Core/Inc -I../Drivers/STM32F1xx_HAL_Driver/Inc -I../Drivers/STM32F1xx_HAL_Driver/Inc/Legacy -I../Drivers/CMSIS/Device/ST/STM32F1xx/Include -I../Drivers/CMSIS/Include -O0 -ffunction-sections -fdata-sections -Wall -fstack-usage -MMD -MP -MF"Core/Src/main.d" -MT"Core/Src/main.o" --specs=nano.specs -mfloat-abi=soft -mthumb -o "Core/Src/main.o"
arm-none-eabi-g++ -o "demoex9.elf" @"objects.list"   -mcpu=cortex-m3 -T"D:\STM32CubeIDE_1.7.0\LABs\LAB2\demoex9\STM32F103C6TX_FLASH.ld" --specs=nosys.specs -Wl,-Map="demoex9.map" -Wl,--gc-sections -static --specs=nano.specs -mfloat-abi=soft -mthumb -Wl,--start-group -lc -lm -lstdc++ -lsupc++ -Wl,--end-group
Finished building target: demoex9.elf
 
arm-none-eabi-size   demoex9.elf 
arm-none-eabi-objdump -h -S  demoex9.elf  > "demoex9.list"
arm-none-eabi-objcopy  -O ihex  demoex9.elf  "demoex9.hex"
arm-none-eabi-objcopy  -O binary  demoex9.elf  "demoex9.bin"
   text	   data	    bss	    dec	    hex	filename
   9708	     36	   1708	  11452	   2cbc	demoex9.elf
Finished building: default.size.stdout
 
Finished building: demoex9.bin
Finished building: demoex9.hex
 
Finished building: demoex9.list
 
 
18:53:21 **** Incremental Build of configuration Debug for project demoex9 ****
make -j16 all 
arm-none-eabi-gcc "../Core/Src/main.c" -mcpu=cortex-m3 -std=gnu11 -g3 -DDEBUG -DUSE_HAL_DRIVER -DSTM32F103x6 -c -I../Core/Inc -I../Drivers/STM32F1xx_HAL_Driver/Inc -I../Drivers/STM32F1xx_HAL_Driver/Inc/Legacy -I../Drivers/CMSIS/Device/ST/STM32F1xx/Include -I../Drivers/CMSIS/Include -O0 -ffunction-sections -fdata-sections -Wall -fstack-usage -MMD -MP -MF"Core/Src/main.d" -MT"Core/Src/main.o" --specs=nano.specs -mfloat-abi=soft -mthumb -o "Core/Src/main.o"
arm-none-eabi-g++ -o "demoex9.elf" @"objects.list"   -mcpu=cortex-m3 -T"D:\STM32CubeIDE_1.7.0\LABs\LAB2\demoex9\STM32F103C6TX_FLASH.ld" --specs=nosys.specs -Wl,-Map="demoex9.map" -Wl,--gc-sections -static --specs=nano.specs -mfloat-abi=soft -mthumb -Wl,--start-group -lc -lm -lstdc++ -lsupc++ -Wl,--end-group
Finished building target: demoex9.elf
 
arm-none-eabi-size   demoex9.elf 
arm-none-eabi-objdump -h -S  demoex9.elf  > "demoex9.list"
arm-none-eabi-objcopy  -O ihex  demoex9.elf  "demoex9.hex"
arm-none-eabi-objcopy  -O binary  demoex9.elf  "demoex9.bin"
   text	   data	    bss	    dec	    hex	filename
   9716	     36	   1708	  11460	   2cc4	demoex9.elf
Finished building: default.size.stdout
 
Finished building: demoex9.hex
Finished building: demoex9.bin
 
 
Finished building: demoex9.list
 
18:54:04 **** Incremental Build of configuration Debug for project demoex9 ****
make -j16 all 
arm-none-eabi-gcc "../Core/Src/main.c" -mcpu=cortex-m3 -std=gnu11 -g3 -DDEBUG -DUSE_HAL_DRIVER -DSTM32F103x6 -c -I../Core/Inc -I../Drivers/STM32F1xx_HAL_Driver/Inc -I../Drivers/STM32F1xx_HAL_Driver/Inc/Legacy -I../Drivers/CMSIS/Device/ST/STM32F1xx/Include -I../Drivers/CMSIS/Include -O0 -ffunction-sections -fdata-sections -Wall -fstack-usage -MMD -MP -MF"Core/Src/main.d" -MT"Core/Src/main.o" --specs=nano.specs -mfloat-abi=soft -mthumb -o "Core/Src/main.o"
../Core/Src/main.c: In function 'SCAN_LED_MATRIX':
../Core/Src/main.c:278:51: warning: suggest parentheses around '-' inside '>>' [-Wparentheses]
  278 |    ROW6_Pin| ROW7_Pin, matrix_buffer[index]>>index-1&0x01);
      |                                              ~~~~~^~
arm-none-eabi-g++ -o "demoex9.elf" @"objects.list"   -mcpu=cortex-m3 -T"D:\STM32CubeIDE_1.7.0\LABs\LAB2\demoex9\STM32F103C6TX_FLASH.ld" --specs=nosys.specs -Wl,-Map="demoex9.map" -Wl,--gc-sections -static --specs=nano.specs -mfloat-abi=soft -mthumb -Wl,--start-group -lc -lm -lstdc++ -lsupc++ -Wl,--end-group
Finished building target: demoex9.elf
 
arm-none-eabi-size   demoex9.elf 
arm-none-eabi-objdump -h -S  demoex9.elf  > "demoex9.list"
arm-none-eabi-objcopy  -O ihex  demoex9.elf  "demoex9.hex"
arm-none-eabi-objcopy  -O binary  demoex9.elf  "demoex9.bin"
   text	   data	    bss	    dec	    hex	filename
   9720	     36	   1708	  11464	   2cc8	demoex9.elf
Finished building: default.size.stdout
 
Finished building: demoex9.hex
Finished building: demoex9.bin
 
Finished building: demoex9.list
 
 
18:54:12 **** Incremental Build of configuration Debug for project demoex9 ****
make -j16 all 
arm-none-eabi-gcc "../Core/Src/main.c" -mcpu=cortex-m3 -std=gnu11 -g3 -DDEBUG -DUSE_HAL_DRIVER -DSTM32F103x6 -c -I../Core/Inc -I../Drivers/STM32F1xx_HAL_Driver/Inc -I../Drivers/STM32F1xx_HAL_Driver/Inc/Legacy -I../Drivers/CMSIS/Device/ST/STM32F1xx/Include -I../Drivers/CMSIS/Include -O0 -ffunction-sections -fdata-sections -Wall -fstack-usage -MMD -MP -MF"Core/Src/main.d" -MT"Core/Src/main.o" --specs=nano.specs -mfloat-abi=soft -mthumb -o "Core/Src/main.o"
arm-none-eabi-g++ -o "demoex9.elf" @"objects.list"   -mcpu=cortex-m3 -T"D:\STM32CubeIDE_1.7.0\LABs\LAB2\demoex9\STM32F103C6TX_FLASH.ld" --specs=nosys.specs -Wl,-Map="demoex9.map" -Wl,--gc-sections -static --specs=nano.specs -mfloat-abi=soft -mthumb -Wl,--start-group -lc -lm -lstdc++ -lsupc++ -Wl,--end-group
Finished building target: demoex9.elf
 
arm-none-eabi-size   demoex9.elf 
arm-none-eabi-objdump -h -S  demoex9.elf  > "demoex9.list"
arm-none-eabi-objcopy  -O ihex  demoex9.elf  "demoex9.hex"
arm-none-eabi-objcopy  -O binary  demoex9.elf  "demoex9.bin"
   text	   data	    bss	    dec	    hex	filename
   9720	     36	   1708	  11464	   2cc8	demoex9.elf
Finished building: default.size.stdout
 
Finished building: demoex9.hex
Finished building: demoex9.bin
 
 
Finished building: demoex9.list
 
18:54:27 **** Incremental Build of configuration Debug for project demoex9 ****
make -j16 all 
arm-none-eabi-gcc "../Core/Src/main.c" -mcpu=cortex-m3 -std=gnu11 -g3 -DDEBUG -DUSE_HAL_DRIVER -DSTM32F103x6 -c -I../Core/Inc -I../Drivers/STM32F1xx_HAL_Driver/Inc -I../Drivers/STM32F1xx_HAL_Driver/Inc/Legacy -I../Drivers/CMSIS/Device/ST/STM32F1xx/Include -I../Drivers/CMSIS/Include -O0 -ffunction-sections -fdata-sections -Wall -fstack-usage -MMD -MP -MF"Core/Src/main.d" -MT"Core/Src/main.o" --specs=nano.specs -mfloat-abi=soft -mthumb -o "Core/Src/main.o"
arm-none-eabi-g++ -o "demoex9.elf" @"objects.list"   -mcpu=cortex-m3 -T"D:\STM32CubeIDE_1.7.0\LABs\LAB2\demoex9\STM32F103C6TX_FLASH.ld" --specs=nosys.specs -Wl,-Map="demoex9.map" -Wl,--gc-sections -static --specs=nano.specs -mfloat-abi=soft -mthumb -Wl,--start-group -lc -lm -lstdc++ -lsupc++ -Wl,--end-group
Finished building target: demoex9.elf
 
arm-none-eabi-size   demoex9.elf 
arm-none-eabi-objdump -h -S  demoex9.elf  > "demoex9.list"
arm-none-eabi-objcopy  -O ihex  demoex9.elf  "demoex9.hex"
arm-none-eabi-objcopy  -O binary  demoex9.elf  "demoex9.bin"
   text	   data	    bss	    dec	    hex	filename
   9700	     36	   1708	  11444	   2cb4	demoex9.elf
Finished building: default.size.stdout
 
Finished building: demoex9.hex
Finished building: demoex9.bin
 
Finished building: demoex9.list
 
 
18:58:39 **** Incremental Build of configuration Debug for project demoex9 ****
make -j16 all 
arm-none-eabi-gcc "../Core/Src/main.c" -mcpu=cortex-m3 -std=gnu11 -g3 -DDEBUG -DUSE_HAL_DRIVER -DSTM32F103x6 -c -I../Core/Inc -I../Drivers/STM32F1xx_HAL_Driver/Inc -I../Drivers/STM32F1xx_HAL_Driver/Inc/Legacy -I../Drivers/CMSIS/Device/ST/STM32F1xx/Include -I../Drivers/CMSIS/Include -O0 -ffunction-sections -fdata-sections -Wall -fstack-usage -MMD -MP -MF"Core/Src/main.d" -MT"Core/Src/main.o" --specs=nano.specs -mfloat-abi=soft -mthumb -o "Core/Src/main.o"
arm-none-eabi-g++ -o "demoex9.elf" @"objects.list"   -mcpu=cortex-m3 -T"D:\STM32CubeIDE_1.7.0\LABs\LAB2\demoex9\STM32F103C6TX_FLASH.ld" --specs=nosys.specs -Wl,-Map="demoex9.map" -Wl,--gc-sections -static --specs=nano.specs -mfloat-abi=soft -mthumb -Wl,--start-group -lc -lm -lstdc++ -lsupc++ -Wl,--end-group
Finished building target: demoex9.elf
 
arm-none-eabi-size   demoex9.elf 
arm-none-eabi-objdump -h -S  demoex9.elf  > "demoex9.list"
arm-none-eabi-objcopy  -O ihex  demoex9.elf  "demoex9.hex"
arm-none-eabi-objcopy  -O binary  demoex9.elf  "demoex9.bin"
   text	   data	    bss	    dec	    hex	filename
   9960	     36	   1708	  11704	   2db8	demoex9.elf
Finished building: default.size.stdout
 
Finished building: demoex9.bin
Finished building: demoex9.hex
 
Finished building: demoex9.list
 
 
19:47:36 **** Incremental Build of configuration Debug for project demoex9 ****
make -j16 all 
arm-none-eabi-size   demoex9.elf 
   text	   data	    bss	    dec	    hex	filename
   9960	     36	   1708	  11704	   2db8	demoex9.elf
Finished building: default.size.stdout
 
19:52:11 **** Incremental Build of configuration Debug for project demoex9 ****
make -j16 all 
arm-none-eabi-gcc "../Core/Src/main.c" -mcpu=cortex-m3 -std=gnu11 -g3 -DDEBUG -DUSE_HAL_DRIVER -DSTM32F103x6 -c -I../Core/Inc -I../Drivers/STM32F1xx_HAL_Driver/Inc -I../Drivers/STM32F1xx_HAL_Driver/Inc/Legacy -I../Drivers/CMSIS/Device/ST/STM32F1xx/Include -I../Drivers/CMSIS/Include -O0 -ffunction-sections -fdata-sections -Wall -fstack-usage -MMD -MP -MF"Core/Src/main.d" -MT"Core/Src/main.o" --specs=nano.specs -mfloat-abi=soft -mthumb -o "Core/Src/main.o"
arm-none-eabi-g++ -o "demoex9.elf" @"objects.list"   -mcpu=cortex-m3 -T"D:\STM32CubeIDE_1.7.0\LABs\LAB2\demoex9\STM32F103C6TX_FLASH.ld" --specs=nosys.specs -Wl,-Map="demoex9.map" -Wl,--gc-sections -static --specs=nano.specs -mfloat-abi=soft -mthumb -Wl,--start-group -lc -lm -lstdc++ -lsupc++ -Wl,--end-group
Finished building target: demoex9.elf
 
arm-none-eabi-size   demoex9.elf 
arm-none-eabi-objdump -h -S  demoex9.elf  > "demoex9.list"
arm-none-eabi-objcopy  -O ihex  demoex9.elf  "demoex9.hex"
arm-none-eabi-objcopy  -O binary  demoex9.elf  "demoex9.bin"
   text	   data	    bss	    dec	    hex	filename
   9960	     36	   1708	  11704	   2db8	demoex9.elf
Finished building: default.size.stdout
 
Finished building: demoex9.bin
Finished building: demoex9.hex
 
Finished building: demoex9.list
 
 
19:54:56 **** Incremental Build of configuration Debug for project demoex9 ****
make -j16 all 
arm-none-eabi-gcc "../Core/Src/main.c" -mcpu=cortex-m3 -std=gnu11 -g3 -DDEBUG -DUSE_HAL_DRIVER -DSTM32F103x6 -c -I../Core/Inc -I../Drivers/STM32F1xx_HAL_Driver/Inc -I../Drivers/STM32F1xx_HAL_Driver/Inc/Legacy -I../Drivers/CMSIS/Device/ST/STM32F1xx/Include -I../Drivers/CMSIS/Include -O0 -ffunction-sections -fdata-sections -Wall -fstack-usage -MMD -MP -MF"Core/Src/main.d" -MT"Core/Src/main.o" --specs=nano.specs -mfloat-abi=soft -mthumb -o "Core/Src/main.o"
arm-none-eabi-g++ -o "demoex9.elf" @"objects.list"   -mcpu=cortex-m3 -T"D:\STM32CubeIDE_1.7.0\LABs\LAB2\demoex9\STM32F103C6TX_FLASH.ld" --specs=nosys.specs -Wl,-Map="demoex9.map" -Wl,--gc-sections -static --specs=nano.specs -mfloat-abi=soft -mthumb -Wl,--start-group -lc -lm -lstdc++ -lsupc++ -Wl,--end-group
Finished building target: demoex9.elf
 
arm-none-eabi-size   demoex9.elf 
arm-none-eabi-objdump -h -S  demoex9.elf  > "demoex9.list"
arm-none-eabi-objcopy  -O ihex  demoex9.elf  "demoex9.hex"
arm-none-eabi-objcopy  -O binary  demoex9.elf  "demoex9.bin"
   text	   data	    bss	    dec	    hex	filename
   9960	     36	   1708	  11704	   2db8	demoex9.elf
Finished building: default.size.stdout
 
Finished building: demoex9.hex
Finished building: demoex9.bin
 
Finished building: demoex9.list
 
 
19:58:36 **** Incremental Build of configuration Debug for project demoex9 ****
make -j16 all 
arm-none-eabi-gcc "../Core/Src/main.c" -mcpu=cortex-m3 -std=gnu11 -g3 -DDEBUG -DUSE_HAL_DRIVER -DSTM32F103x6 -c -I../Core/Inc -I../Drivers/STM32F1xx_HAL_Driver/Inc -I../Drivers/STM32F1xx_HAL_Driver/Inc/Legacy -I../Drivers/CMSIS/Device/ST/STM32F1xx/Include -I../Drivers/CMSIS/Include -O0 -ffunction-sections -fdata-sections -Wall -fstack-usage -MMD -MP -MF"Core/Src/main.d" -MT"Core/Src/main.o" --specs=nano.specs -mfloat-abi=soft -mthumb -o "Core/Src/main.o"
arm-none-eabi-g++ -o "demoex9.elf" @"objects.list"   -mcpu=cortex-m3 -T"D:\STM32CubeIDE_1.7.0\LABs\LAB2\demoex9\STM32F103C6TX_FLASH.ld" --specs=nosys.specs -Wl,-Map="demoex9.map" -Wl,--gc-sections -static --specs=nano.specs -mfloat-abi=soft -mthumb -Wl,--start-group -lc -lm -lstdc++ -lsupc++ -Wl,--end-group
Finished building target: demoex9.elf
 
arm-none-eabi-size   demoex9.elf 
arm-none-eabi-objdump -h -S  demoex9.elf  > "demoex9.list"
arm-none-eabi-objcopy  -O ihex  demoex9.elf  "demoex9.hex"
arm-none-eabi-objcopy  -O binary  demoex9.elf  "demoex9.bin"
   text	   data	    bss	    dec	    hex	filename
   9932	     36	   1708	  11676	   2d9c	demoex9.elf
Finished building: default.size.stdout
 
Finished building: demoex9.bin
Finished building: demoex9.hex
 
Finished building: demoex9.list
 
 
19:58:55 **** Incremental Build of configuration Debug for project demoex9 ****
make -j16 all 
arm-none-eabi-gcc "../Core/Src/main.c" -mcpu=cortex-m3 -std=gnu11 -g3 -DDEBUG -DUSE_HAL_DRIVER -DSTM32F103x6 -c -I../Core/Inc -I../Drivers/STM32F1xx_HAL_Driver/Inc -I../Drivers/STM32F1xx_HAL_Driver/Inc/Legacy -I../Drivers/CMSIS/Device/ST/STM32F1xx/Include -I../Drivers/CMSIS/Include -O0 -ffunction-sections -fdata-sections -Wall -fstack-usage -MMD -MP -MF"Core/Src/main.d" -MT"Core/Src/main.o" --specs=nano.specs -mfloat-abi=soft -mthumb -o "Core/Src/main.o"
arm-none-eabi-g++ -o "demoex9.elf" @"objects.list"   -mcpu=cortex-m3 -T"D:\STM32CubeIDE_1.7.0\LABs\LAB2\demoex9\STM32F103C6TX_FLASH.ld" --specs=nosys.specs -Wl,-Map="demoex9.map" -Wl,--gc-sections -static --specs=nano.specs -mfloat-abi=soft -mthumb -Wl,--start-group -lc -lm -lstdc++ -lsupc++ -Wl,--end-group
Finished building target: demoex9.elf
 
arm-none-eabi-size   demoex9.elf 
arm-none-eabi-objdump -h -S  demoex9.elf  > "demoex9.list"
arm-none-eabi-objcopy  -O ihex  demoex9.elf  "demoex9.hex"
arm-none-eabi-objcopy  -O binary  demoex9.elf  "demoex9.bin"
   text	   data	    bss	    dec	    hex	filename
   9960	     36	   1708	  11704	   2db8	demoex9.elf
Finished building: default.size.stdout
 
Finished building: demoex9.hex
Finished building: demoex9.bin
 
Finished building: demoex9.list
 
 
20:04:22 **** Incremental Build of configuration Debug for project demoex9 ****
make -j16 all 
[...]
arm-none-eabi-gcc "../Drivers/STM32F1xx_HAL_Driver/Src/stm32f1xx_hal_flash.c" -mcpu=cortex-m3 -std=gnu11 -g3 -DDEBUG -DUSE_HAL_DRIVER -DSTM32F103x6 -c -I../Core/Inc -I../Drivers/STM32F1xx_HAL_Driver/Inc -I../Drivers/STM32F1xx_HAL_Driver/Inc/Legacy -I../Drivers/CMSIS/Device/ST/STM32F1xx/Include -I../Drivers/CMSIS/Include -O0 -ffunction-sections -fdata-sections -Wall -fstack-usage -MMD -MP -MF"Drivers/STM32F1xx_HAL_Driver/Src/stm32f1xx_hal_flash.d" -MT"Drivers/STM32F1xx_HAL_Driver/Src/stm32f1xx_hal_flash.o" --specs=nano.specs -mfloat-abi=soft -mthumb -o "Drivers/STM32F1xx_HAL_Driver/Src/stm32f1xx_hal_flash.o"
arm-none-eabi-gcc "../Drivers/STM32F1xx_HAL_Driver/Src/stm32f1xx_hal_flash_ex.c" -mcpu=cortex-m3 -std=gnu11 -g3 -DDEBUG -DUSE_HAL_DRIVER -DSTM32F103x6 -c -I../Core/Inc -I../Drivers/STM32F1xx_HAL_Driver/Inc -I../Drivers/STM32F1xx_HAL_Driver/Inc/Legacy -I../Drivers/CMSIS/Device/ST/STM32F1xx/Include -I../Drivers/CMSIS/Include -O0 -ffunction-sections -fdata-sections -Wall -fstack-usage -MMD -MP -MF"Drivers/STM32F1xx_HAL_Driver/Src/stm32f1xx_hal_flash_ex.d" -MT"Drivers/STM32F1xx_HAL_Driver/Src/stm32f1xx_hal_flash_ex.o" --specs=nano.specs -mfloat-abi=soft -mthumb -o "Drivers/STM32F1xx_HAL_Driver/Src/stm32f1xx_hal_flash_ex.o"
arm-none-eabi-gcc "../Drivers/STM32F1xx_HAL_Driver/Src/stm32f1xx_hal_gpio.c" -mcpu=cortex-m3 -std=gnu11 -g3 -DDEBUG -DUSE_HAL_DRIVER -DSTM32F103x6 -c -I../Core/Inc -I../Drivers/STM32F1xx_HAL_Driver/Inc -I../Drivers/STM32F1xx_HAL_Driver/Inc/Legacy -I../Drivers/CMSIS/Device/ST/STM32F1xx/Include -I../Drivers/CMSIS/Include -O0 -ffunction-sections -fdata-sections -Wall -fstack-usage -MMD -MP -MF"Drivers/STM32F1xx_HAL_Driver/Src/stm32f1xx_hal_gpio.d" -MT"Drivers/STM32F1xx_HAL_Driver/Src/stm32f1xx_hal_gpio.o" --specs=nano.specs -mfloat-abi=soft -mthumb -o "Drivers/STM32F1xx_HAL_Driver/Src/stm32f1xx_hal_gpio.o"
arm-none-eabi-gcc "../Drivers/STM32F1xx_HAL_Driver/Src/stm32f1xx_hal_gpio_ex.c" -mcpu=cortex-m3 -std=gnu11 -g3 -DDEBUG -DUSE_HAL_DRIVER -DSTM32F103x6 -c -I../Core/Inc -I../Drivers/STM32F1xx_HAL_Driver/Inc -I../Drivers/STM32F1xx_HAL_Driver/Inc/Legacy -I../Drivers/CMSIS/Device/ST/STM32F1xx/Include -I../Drivers/CMSIS/Include -O0 -ffunction-sections -fdata-sections -Wall -fstack-usage -MMD -MP -MF"Drivers/STM32F1xx_HAL_Driver/Src/stm32f1xx_hal_gpio_ex.d" -MT"Drivers/STM32F1xx_HAL_Driver/Src/stm32f1xx_hal_gpio_ex.o" --specs=nano.specs -mfloat-abi=soft -mthumb -o "Drivers/STM32F1xx_HAL_Driver/Src/stm32f1xx_hal_gpio_ex.o"
arm-none-eabi-gcc "../Drivers/STM32F1xx_HAL_Driver/Src/stm32f1xx_hal_pwr.c" -mcpu=cortex-m3 -std=gnu11 -g3 -DDEBUG -DUSE_HAL_DRIVER -DSTM32F103x6 -c -I../Core/Inc -I../Drivers/STM32F1xx_HAL_Driver/Inc -I../Drivers/STM32F1xx_HAL_Driver/Inc/Legacy -I../Drivers/CMSIS/Device/ST/STM32F1xx/Include -I../Drivers/CMSIS/Include -O0 -ffunction-sections -fdata-sections -Wall -fstack-usage -MMD -MP -MF"Drivers/STM32F1xx_HAL_Driver/Src/stm32f1xx_hal_pwr.d" -MT"Drivers/STM32F1xx_HAL_Driver/Src/stm32f1xx_hal_pwr.o" --specs=nano.specs -mfloat-abi=soft -mthumb -o "Drivers/STM32F1xx_HAL_Driver/Src/stm32f1xx_hal_pwr.o"
arm-none-eabi-gcc "../Drivers/STM32F1xx_HAL_Driver/Src/stm32f1xx_hal_rcc.c" -mcpu=cortex-m3 -std=gnu11 -g3 -DDEBUG -DUSE_HAL_DRIVER -DSTM32F103x6 -c -I../Core/Inc -I../Drivers/STM32F1xx_HAL_Driver/Inc -I../Drivers/STM32F1xx_HAL_Driver/Inc/Legacy -I../Drivers/CMSIS/Device/ST/STM32F1xx/Include -I../Drivers/CMSIS/Include -O0 -ffunction-sections -fdata-sections -Wall -fstack-usage -MMD -MP -MF"Drivers/STM32F1xx_HAL_Driver/Src/stm32f1xx_hal_rcc.d" -MT"Drivers/STM32F1xx_HAL_Driver/Src/stm32f1xx_hal_rcc.o" --specs=nano.specs -mfloat-abi=soft -mthumb -o "Drivers/STM32F1xx_HAL_Driver/Src/stm32f1xx_hal_rcc.o"
arm-none-eabi-gcc "../Drivers/STM32F1xx_HAL_Driver/Src/stm32f1xx_hal_rcc_ex.c" -mcpu=cortex-m3 -std=gnu11 -g3 -DDEBUG -DUSE_HAL_DRIVER -DSTM32F103x6 -c -I../Core/Inc -I../Drivers/STM32F1xx_HAL_Driver/Inc -I../Drivers/STM32F1xx_HAL_Driver/Inc/Legacy -I../Drivers/CMSIS/Device/ST/STM32F1xx/Include -I../Drivers/CMSIS/Include -O0 -ffunction-sections -fdata-sections -Wall -fstack-usage -MMD -MP -MF"Drivers/STM32F1xx_HAL_Driver/Src/stm32f1xx_hal_rcc_ex.d" -MT"Drivers/STM32F1xx_HAL_Driver/Src/stm32f1xx_hal_rcc_ex.o" --specs=nano.specs -mfloat-abi=soft -mthumb -o "Drivers/STM32F1xx_HAL_Driver/Src/stm32f1xx_hal_rcc_ex.o"
arm-none-eabi-gcc "../Drivers/STM32F1xx_HAL_Driver/Src/stm32f1xx_hal_tim.c" -mcpu=cortex-m3 -std=gnu11 -g3 -DDEBUG -DUSE_HAL_DRIVER -DSTM32F103x6 -c -I../Core/Inc -I../Drivers/STM32F1xx_HAL_Driver/Inc -I../Drivers/STM32F1xx_HAL_Driver/Inc/Legacy -I../Drivers/CMSIS/Device/ST/STM32F1xx/Include -I../Drivers/CMSIS/Include -O0 -ffunction-sections -fdata-sections -Wall -fstack-usage -MMD -MP -MF"Drivers/STM32F1xx_HAL_Driver/Src/stm32f1xx_hal_tim.d" -MT"Drivers/STM32F1xx_HAL_Driver/Src/stm32f1xx_hal_tim.o" --specs=nano.specs -mfloat-abi=soft -mthumb -o "Drivers/STM32F1xx_HAL_Driver/Src/stm32f1xx_hal_tim.o"
arm-none-eabi-gcc "../Drivers/STM32F1xx_HAL_Driver/Src/stm32f1xx_hal_tim_ex.c" -mcpu=cortex-m3 -std=gnu11 -g3 -DDEBUG -DUSE_HAL_DRIVER -DSTM32F103x6 -c -I../Core/Inc -I../Drivers/STM32F1xx_HAL_Driver/Inc -I../Drivers/STM32F1xx_HAL_Driver/Inc/Legacy -I../Drivers/CMSIS/Device/ST/STM32F1xx/Include -I../Drivers/CMSIS/Include -O0 -ffunction-sections -fdata-sections -Wall -fstack-usage -MMD -MP -MF"Drivers/STM32F1xx_HAL_Driver/Src/stm32f1xx_hal_tim_ex.d" -MT"Drivers/STM32F1xx_HAL_Driver/Src/stm32f1xx_hal_tim_ex.o" --specs=nano.specs -mfloat-abi=soft -mthumb -o "Drivers/STM32F1xx_HAL_Driver/Src/stm32f1xx_hal_tim_ex.o"
arm-none-eabi-gcc -mcpu=cortex-m3 -g3 -DDEBUG -c -x assembler-with-cpp -MMD -MP -MF"Core/Startup/startup_stm32f103c6tx.d" -MT"Core/Startup/startup_stm32f103c6tx.o" --specs=nano.specs -mfloat-abi=soft -mthumb -o "Core/Startup/startup_stm32f103c6tx.o" "../Core/Startup/startup_stm32f103c6tx.s"
arm-none-eabi-gcc "../Core/Src/main.c" -mcpu=cortex-m3 -std=gnu11 -g3 -DDEBUG -DUSE_HAL_DRIVER -DSTM32F103x6 -c -I../Core/Inc -I../Drivers/STM32F1xx_HAL_Driver/Inc -I../Drivers/STM32F1xx_HAL_Driver/Inc/Legacy -I../Drivers/CMSIS/Device/ST/STM32F1xx/Include -I../Drivers/CMSIS/Include -O0 -ffunction-sections -fdata-sections -Wall -fstack-usage -MMD -MP -MF"Core/Src/main.d" -MT"Core/Src/main.o" --specs=nano.specs -mfloat-abi=soft -mthumb -o "Core/Src/main.o"
arm-none-eabi-gcc "../Core/Src/stm32f1xx_hal_msp.c" -mcpu=cortex-m3 -std=gnu11 -g3 -DDEBUG -DUSE_HAL_DRIVER -DSTM32F103x6 -c -I../Core/Inc -I../Drivers/STM32F1xx_HAL_Driver/Inc -I../Drivers/STM32F1xx_HAL_Driver/Inc/Legacy -I../Drivers/CMSIS/Device/ST/STM32F1xx/Include -I../Drivers/CMSIS/Include -O0 -ffunction-sections -fdata-sections -Wall -fstack-usage -MMD -MP -MF"Core/Src/stm32f1xx_hal_msp.d" -MT"Core/Src/stm32f1xx_hal_msp.o" --specs=nano.specs -mfloat-abi=soft -mthumb -o "Core/Src/stm32f1xx_hal_msp.o"
arm-none-eabi-gcc "../Core/Src/stm32f1xx_it.c" -mcpu=cortex-m3 -std=gnu11 -g3 -DDEBUG -DUSE_HAL_DRIVER -DSTM32F103x6 -c -I../Core/Inc -I../Drivers/STM32F1xx_HAL_Driver/Inc -I../Drivers/STM32F1xx_HAL_Driver/Inc/Legacy -I../Drivers/CMSIS/Device/ST/STM32F1xx/Include -I../Drivers/CMSIS/Include -O0 -ffunction-sections -fdata-sections -Wall -fstack-usage -MMD -MP -MF"Core/Src/stm32f1xx_it.d" -MT"Core/Src/stm32f1xx_it.o" --specs=nano.specs -mfloat-abi=soft -mthumb -o "Core/Src/stm32f1xx_it.o"
arm-none-eabi-gcc "../Core/Src/syscalls.c" -mcpu=cortex-m3 -std=gnu11 -g3 -DDEBUG -DUSE_HAL_DRIVER -DSTM32F103x6 -c -I../Core/Inc -I../Drivers/STM32F1xx_HAL_Driver/Inc -I../Drivers/STM32F1xx_HAL_Driver/Inc/Legacy -I../Drivers/CMSIS/Device/ST/STM32F1xx/Include -I../Drivers/CMSIS/Include -O0 -ffunction-sections -fdata-sections -Wall -fstack-usage -MMD -MP -MF"Core/Src/syscalls.d" -MT"Core/Src/syscalls.o" --specs=nano.specs -mfloat-abi=soft -mthumb -o "Core/Src/syscalls.o"
arm-none-eabi-gcc "../Core/Src/sysmem.c" -mcpu=cortex-m3 -std=gnu11 -g3 -DDEBUG -DUSE_HAL_DRIVER -DSTM32F103x6 -c -I../Core/Inc -I../Drivers/STM32F1xx_HAL_Driver/Inc -I../Drivers/STM32F1xx_HAL_Driver/Inc/Legacy -I../Drivers/CMSIS/Device/ST/STM32F1xx/Include -I../Drivers/CMSIS/Include -O0 -ffunction-sections -fdata-sections -Wall -fstack-usage -MMD -MP -MF"Core/Src/sysmem.d" -MT"Core/Src/sysmem.o" --specs=nano.specs -mfloat-abi=soft -mthumb -o "Core/Src/sysmem.o"
arm-none-eabi-gcc "../Core/Src/system_stm32f1xx.c" -mcpu=cortex-m3 -std=gnu11 -g3 -DDEBUG -DUSE_HAL_DRIVER -DSTM32F103x6 -c -I../Core/Inc -I../Drivers/STM32F1xx_HAL_Driver/Inc -I../Drivers/STM32F1xx_HAL_Driver/Inc/Legacy -I../Drivers/CMSIS/Device/ST/STM32F1xx/Include -I../Drivers/CMSIS/Include -O0 -ffunction-sections -fdata-sections -Wall -fstack-usage -MMD -MP -MF"Core/Src/system_stm32f1xx.d" -MT"Core/Src/system_stm32f1xx.o" --specs=nano.specs -mfloat-abi=soft -mthumb -o "Core/Src/system_stm32f1xx.o"
arm-none-eabi-g++ -o "LAB2_demo.elf" @"objects.list"   -mcpu=cortex-m3 -T"D:\STM32CubeIDE_1.7.0\LABs\LAB2\LAB2_demo\STM32F103C6TX_FLASH.ld" --specs=nosys.specs -Wl,-Map="LAB2_demo.map" -Wl,--gc-sections -static --specs=nano.specs -mfloat-abi=soft -mthumb -Wl,--start-group -lc -lm -lstdc++ -lsupc++ -Wl,--end-group
Finished building target: LAB2_demo.elf
 
arm-none-eabi-size   LAB2_demo.elf 
arm-none-eabi-objdump -h -S  LAB2_demo.elf  > "LAB2_demo.list"
arm-none-eabi-objcopy  -O ihex  LAB2_demo.elf  "LAB2_demo.hex"
   text	   data	    bss	    dec	    hex	filename
   8480	     20	   1684	  10184	   27c8	LAB2_demo.elf
arm-none-eabi-objcopy  -O binary  LAB2_demo.elf  "LAB2_demo.bin"
Finished building: default.size.stdout
 
Finished building: LAB2_demo.bin
Finished building: LAB2_demo.hex
Finished building: LAB2_demo.list
 
 
 
22:48:38 **** Incremental Build of configuration Debug for project LAB2_demo ****
make -j16 all 
arm-none-eabi-gcc "../Core/Src/main.c" -mcpu=cortex-m3 -std=gnu11 -g3 -DDEBUG -DUSE_HAL_DRIVER -DSTM32F103x6 -c -I../Core/Inc -I../Drivers/STM32F1xx_HAL_Driver/Inc -I../Drivers/STM32F1xx_HAL_Driver/Inc/Legacy -I../Drivers/CMSIS/Device/ST/STM32F1xx/Include -I../Drivers/CMSIS/Include -O0 -ffunction-sections -fdata-sections -Wall -fstack-usage -MMD -MP -MF"Core/Src/main.d" -MT"Core/Src/main.o" --specs=nano.specs -mfloat-abi=soft -mthumb -o "Core/Src/main.o"
arm-none-eabi-g++ -o "LAB2_demo.elf" @"objects.list"   -mcpu=cortex-m3 -T"D:\STM32CubeIDE_1.7.0\LABs\LAB2\LAB2_demo\STM32F103C6TX_FLASH.ld" --specs=nosys.specs -Wl,-Map="LAB2_demo.map" -Wl,--gc-sections -static --specs=nano.specs -mfloat-abi=soft -mthumb -Wl,--start-group -lc -lm -lstdc++ -lsupc++ -Wl,--end-group
Finished building target: LAB2_demo.elf
 
arm-none-eabi-size   LAB2_demo.elf 
arm-none-eabi-objdump -h -S  LAB2_demo.elf  > "LAB2_demo.list"
arm-none-eabi-objcopy  -O ihex  LAB2_demo.elf  "LAB2_demo.hex"
arm-none-eabi-objcopy  -O binary  LAB2_demo.elf  "LAB2_demo.bin"
   text	   data	    bss	    dec	    hex	filename
   8480	     20	   1684	  10184	   27c8	LAB2_demo.elf
Finished building: default.size.stdout
 
Finished building: LAB2_demo.bin
Finished building: LAB2_demo.hex
 
Finished building: LAB2_demo.list
 
 
22:50:36 **** Incremental Build of configuration Debug for project LAB2_demo ****
make -j16 all 
arm-none-eabi-gcc "../Core/Src/main.c" -mcpu=cortex-m3 -std=gnu11 -g3 -DDEBUG -DUSE_HAL_DRIVER -DSTM32F103x6 -c -I../Core/Inc -I../Drivers/STM32F1xx_HAL_Driver/Inc -I../Drivers/STM32F1xx_HAL_Driver/Inc/Legacy -I../Drivers/CMSIS/Device/ST/STM32F1xx/Include -I../Drivers/CMSIS/Include -O0 -ffunction-sections -fdata-sections -Wall -fstack-usage -MMD -MP -MF"Core/Src/main.d" -MT"Core/Src/main.o" --specs=nano.specs -mfloat-abi=soft -mthumb -o "Core/Src/main.o"
arm-none-eabi-g++ -o "LAB2_demo.elf" @"objects.list"   -mcpu=cortex-m3 -T"D:\STM32CubeIDE_1.7.0\LABs\LAB2\LAB2_demo\STM32F103C6TX_FLASH.ld" --specs=nosys.specs -Wl,-Map="LAB2_demo.map" -Wl,--gc-sections -static --specs=nano.specs -mfloat-abi=soft -mthumb -Wl,--start-group -lc -lm -lstdc++ -lsupc++ -Wl,--end-group
Finished building target: LAB2_demo.elf
 
arm-none-eabi-size   LAB2_demo.elf 
arm-none-eabi-objdump -h -S  LAB2_demo.elf  > "LAB2_demo.list"
arm-none-eabi-objcopy  -O ihex  LAB2_demo.elf  "LAB2_demo.hex"
arm-none-eabi-objcopy  -O binary  LAB2_demo.elf  "LAB2_demo.bin"
   text	   data	    bss	    dec	    hex	filename
   8480	     20	   1684	  10184	   27c8	LAB2_demo.elf
Finished building: default.size.stdout
 
Finished building: LAB2_demo.hex
Finished building: LAB2_demo.bin
Finished building: LAB2_demo.list
 
 
 
22:51:20 **** Incremental Build of configuration Debug for project LAB2_demo ****
make -j16 all 
arm-none-eabi-size   LAB2_demo.elf 
   text	   data	    bss	    dec	    hex	filename
   8480	     20	   1684	  10184	   27c8	LAB2_demo.elf
Finished building: default.size.stdout
 
22:53:30 **** Incremental Build of configuration Debug for project LAB2_demo ****
make -j16 all 
arm-none-eabi-gcc "../Core/Src/main.c" -mcpu=cortex-m3 -std=gnu11 -g3 -DDEBUG -DUSE_HAL_DRIVER -DSTM32F103x6 -c -I../Core/Inc -I../Drivers/STM32F1xx_HAL_Driver/Inc -I../Drivers/STM32F1xx_HAL_Driver/Inc/Legacy -I../Drivers/CMSIS/Device/ST/STM32F1xx/Include -I../Drivers/CMSIS/Include -O0 -ffunction-sections -fdata-sections -Wall -fstack-usage -MMD -MP -MF"Core/Src/main.d" -MT"Core/Src/main.o" --specs=nano.specs -mfloat-abi=soft -mthumb -o "Core/Src/main.o"
arm-none-eabi-g++ -o "LAB2_demo.elf" @"objects.list"   -mcpu=cortex-m3 -T"D:\STM32CubeIDE_1.7.0\LABs\LAB2\LAB2_demo\STM32F103C6TX_FLASH.ld" --specs=nosys.specs -Wl,-Map="LAB2_demo.map" -Wl,--gc-sections -static --specs=nano.specs -mfloat-abi=soft -mthumb -Wl,--start-group -lc -lm -lstdc++ -lsupc++ -Wl,--end-group
Finished building target: LAB2_demo.elf
 
arm-none-eabi-size   LAB2_demo.elf 
arm-none-eabi-objdump -h -S  LAB2_demo.elf  > "LAB2_demo.list"
arm-none-eabi-objcopy  -O ihex  LAB2_demo.elf  "LAB2_demo.hex"
arm-none-eabi-objcopy  -O binary  LAB2_demo.elf  "LAB2_demo.bin"
   text	   data	    bss	    dec	    hex	filename
   8480	     20	   1684	  10184	   27c8	LAB2_demo.elf
Finished building: default.size.stdout
 
Finished building: LAB2_demo.hex
Finished building: LAB2_demo.bin
Finished building: LAB2_demo.list
 
 
 
22:54:15 **** Incremental Build of configuration Debug for project LAB2_demo ****
make -j16 all 
arm-none-eabi-gcc "../Core/Src/main.c" -mcpu=cortex-m3 -std=gnu11 -g3 -DDEBUG -DUSE_HAL_DRIVER -DSTM32F103x6 -c -I../Core/Inc -I../Drivers/STM32F1xx_HAL_Driver/Inc -I../Drivers/STM32F1xx_HAL_Driver/Inc/Legacy -I../Drivers/CMSIS/Device/ST/STM32F1xx/Include -I../Drivers/CMSIS/Include -O0 -ffunction-sections -fdata-sections -Wall -fstack-usage -MMD -MP -MF"Core/Src/main.d" -MT"Core/Src/main.o" --specs=nano.specs -mfloat-abi=soft -mthumb -o "Core/Src/main.o"
arm-none-eabi-g++ -o "LAB2_demo.elf" @"objects.list"   -mcpu=cortex-m3 -T"D:\STM32CubeIDE_1.7.0\LABs\LAB2\LAB2_demo\STM32F103C6TX_FLASH.ld" --specs=nosys.specs -Wl,-Map="LAB2_demo.map" -Wl,--gc-sections -static --specs=nano.specs -mfloat-abi=soft -mthumb -Wl,--start-group -lc -lm -lstdc++ -lsupc++ -Wl,--end-group
Finished building target: LAB2_demo.elf
 
arm-none-eabi-size   LAB2_demo.elf 
arm-none-eabi-objdump -h -S  LAB2_demo.elf  > "LAB2_demo.list"
arm-none-eabi-objcopy  -O ihex  LAB2_demo.elf  "LAB2_demo.hex"
arm-none-eabi-objcopy  -O binary  LAB2_demo.elf  "LAB2_demo.bin"
   text	   data	    bss	    dec	    hex	filename
   8400	     20	   1684	  10104	   2778	LAB2_demo.elf
Finished building: default.size.stdout
 
Finished building: LAB2_demo.hex
Finished building: LAB2_demo.bin
Finished building: LAB2_demo.list
 
 
 
22:56:07 **** Incremental Build of configuration Debug for project LAB2_demo ****
make -j16 all 
arm-none-eabi-gcc "../Core/Src/main.c" -mcpu=cortex-m3 -std=gnu11 -g3 -DDEBUG -DUSE_HAL_DRIVER -DSTM32F103x6 -c -I../Core/Inc -I../Drivers/STM32F1xx_HAL_Driver/Inc -I../Drivers/STM32F1xx_HAL_Driver/Inc/Legacy -I../Drivers/CMSIS/Device/ST/STM32F1xx/Include -I../Drivers/CMSIS/Include -O0 -ffunction-sections -fdata-sections -Wall -fstack-usage -MMD -MP -MF"Core/Src/main.d" -MT"Core/Src/main.o" --specs=nano.specs -mfloat-abi=soft -mthumb -o "Core/Src/main.o"
arm-none-eabi-g++ -o "LAB2_demo.elf" @"objects.list"   -mcpu=cortex-m3 -T"D:\STM32CubeIDE_1.7.0\LABs\LAB2\LAB2_demo\STM32F103C6TX_FLASH.ld" --specs=nosys.specs -Wl,-Map="LAB2_demo.map" -Wl,--gc-sections -static --specs=nano.specs -mfloat-abi=soft -mthumb -Wl,--start-group -lc -lm -lstdc++ -lsupc++ -Wl,--end-group
Finished building target: LAB2_demo.elf
 
arm-none-eabi-size   LAB2_demo.elf 
arm-none-eabi-objdump -h -S  LAB2_demo.elf  > "LAB2_demo.list"
arm-none-eabi-objcopy  -O ihex  LAB2_demo.elf  "LAB2_demo.hex"
arm-none-eabi-objcopy  -O binary  LAB2_demo.elf  "LAB2_demo.bin"
   text	   data	    bss	    dec	    hex	filename
   8480	     20	   1684	  10184	   27c8	LAB2_demo.elf
Finished building: default.size.stdout
 
Finished building: LAB2_demo.hex
Finished building: LAB2_demo.bin
Finished building: LAB2_demo.list
 
 
 
22:56:40 **** Incremental Build of configuration Debug for project LAB2_demo ****
make -j16 all 
arm-none-eabi-gcc "../Core/Src/main.c" -mcpu=cortex-m3 -std=gnu11 -g3 -DDEBUG -DUSE_HAL_DRIVER -DSTM32F103x6 -c -I../Core/Inc -I../Drivers/STM32F1xx_HAL_Driver/Inc -I../Drivers/STM32F1xx_HAL_Driver/Inc/Legacy -I../Drivers/CMSIS/Device/ST/STM32F1xx/Include -I../Drivers/CMSIS/Include -O0 -ffunction-sections -fdata-sections -Wall -fstack-usage -MMD -MP -MF"Core/Src/main.d" -MT"Core/Src/main.o" --specs=nano.specs -mfloat-abi=soft -mthumb -o "Core/Src/main.o"
arm-none-eabi-g++ -o "LAB2_demo.elf" @"objects.list"   -mcpu=cortex-m3 -T"D:\STM32CubeIDE_1.7.0\LABs\LAB2\LAB2_demo\STM32F103C6TX_FLASH.ld" --specs=nosys.specs -Wl,-Map="LAB2_demo.map" -Wl,--gc-sections -static --specs=nano.specs -mfloat-abi=soft -mthumb -Wl,--start-group -lc -lm -lstdc++ -lsupc++ -Wl,--end-group
Finished building target: LAB2_demo.elf
 
arm-none-eabi-size   LAB2_demo.elf 
arm-none-eabi-objdump -h -S  LAB2_demo.elf  > "LAB2_demo.list"
arm-none-eabi-objcopy  -O ihex  LAB2_demo.elf  "LAB2_demo.hex"
arm-none-eabi-objcopy  -O binary  LAB2_demo.elf  "LAB2_demo.bin"
   text	   data	    bss	    dec	    hex	filename
   8480	     20	   1684	  10184	   27c8	LAB2_demo.elf
Finished building: default.size.stdout
 
Finished building: LAB2_demo.bin
Finished building: LAB2_demo.hex
Finished building: LAB2_demo.list
 
 
 
22:59:44 **** Incremental Build of configuration Debug for project LAB2_demo ****
make -j16 all 
arm-none-eabi-gcc "../Core/Src/main.c" -mcpu=cortex-m3 -std=gnu11 -g3 -DDEBUG -DUSE_HAL_DRIVER -DSTM32F103x6 -c -I../Core/Inc -I../Drivers/STM32F1xx_HAL_Driver/Inc -I../Drivers/STM32F1xx_HAL_Driver/Inc/Legacy -I../Drivers/CMSIS/Device/ST/STM32F1xx/Include -I../Drivers/CMSIS/Include -O0 -ffunction-sections -fdata-sections -Wall -fstack-usage -MMD -MP -MF"Core/Src/main.d" -MT"Core/Src/main.o" --specs=nano.specs -mfloat-abi=soft -mthumb -o "Core/Src/main.o"
arm-none-eabi-g++ -o "LAB2_demo.elf" @"objects.list"   -mcpu=cortex-m3 -T"D:\STM32CubeIDE_1.7.0\LABs\LAB2\LAB2_demo\STM32F103C6TX_FLASH.ld" --specs=nosys.specs -Wl,-Map="LAB2_demo.map" -Wl,--gc-sections -static --specs=nano.specs -mfloat-abi=soft -mthumb -Wl,--start-group -lc -lm -lstdc++ -lsupc++ -Wl,--end-group
Finished building target: LAB2_demo.elf
 
arm-none-eabi-size   LAB2_demo.elf 
arm-none-eabi-objdump -h -S  LAB2_demo.elf  > "LAB2_demo.list"
arm-none-eabi-objcopy  -O ihex  LAB2_demo.elf  "LAB2_demo.hex"
arm-none-eabi-objcopy  -O binary  LAB2_demo.elf  "LAB2_demo.bin"
   text	   data	    bss	    dec	    hex	filename
   8468	     20	   1684	  10172	   27bc	LAB2_demo.elf
Finished building: default.size.stdout
 
Finished building: LAB2_demo.hex
Finished building: LAB2_demo.bin
Finished building: LAB2_demo.list
 
 
 
